[0;32mI (285) cpu_start: Max chip rev:     v1.99 [0m
[0;32mI (290) cpu_start: Chip reESP-ROM:esp32c3-api1-20210207
Build:Feb  7 2021
rst:0x15 (USB_UART_CHIP_RESET),boot:0x8 (SPI_FAST_FLASH_BOOT)
Saved PC:0x4004c0d6
SPIWP:0xee
mode:DIO, clock div:1
load:0x3fcd5820,len:0x1738
load:0x403cc710,len:0xb9c
load:0x403ce710,len:0x2e40
entry 0x403cc71a
[0;32mI (24) boot: ESP-IDF v5.2.1 2nd stage bootloader[0m
[0;32mI (24) boot: compile time Jul 26 2024 21:10:10[0m
[0;32mI (25) boot: chip revision: v0.4[0m
[0;32mI (27) boot.esp32c3: SPI Speed      : 80MHz[0m
[0;32mI (32) boot.esp32c3: SPI Mode       : DIO[0m
[0;32mI (37) boot.esp32c3: SPI Flash Size : 4MB[0m
[0;32mI (42) boot: Enabling RNG early entropy source...[0m
[0;32mI (47) boot: Partition Table:[0m
[0;32mI (51) boot: ## Label            Usage          Type ST Offset   Length[0m
[0;32mI (58) boot:  0 nvs              WiFi data        01 02 00009000 00004000[0m
[0;32mI (65) boot:  1 otadata          OTA data         01 00 0000d000 00002000[0m
[0;32mI (73) boot:  2 phy_init         RF data          01 01 0000f000 00001000[0m
[0;32mI (80) boot:  3 factory          factory app      00 00 00010000 00100000[0m
[0;32mI (88) boot:  4 ota_0            OTA app          00 10 00110000 00100000[0m
[0;32mI (95) boot:  5 ota_1            OTA app          00 11 00210000 00100000[0m
[0;32mI (103) boot: End of partition table[0m
[0;32mI (107) boot: Defaulting to factory image[0m
[0;32mI (112) esp_image: segment 0: paddr=00010020 vaddr=3c060020 size=19d08h (105736) map[0m
[0;32mI (137) esp_image: segment 1: paddr=00029d30 vaddr=3fc91e00 size=02668h (  9832) load[0m
[0;32mI (139) esp_image: segment 2: paddr=0002c3a0 vaddr=40380000 size=03c78h ( 15480) load[0m
[0;32mI (145) esp_image: segment 3: paddr=00030020 vaddr=42000020 size=5caf8h (379640) map[0m
[0;32mI (210) esp_image: segment 4: paddr=0008cb20 vaddr=40383c78 size=0e100h ( 57600) load[0m
[0;32mI (221) esp_image: segment 5: paddr=0009ac28 vaddr=50000010 size=00004h (     4) load[0m
[0;32mI (227) boot: Loaded app from partition at offset 0x10000[0m
[0;32mI (227) boot: Disabling RNG early entropy source...[0m
[0;32mI (241) cpu_start: Unicore app[0m
[0;32mI (250) cpu_start: Pro cpu start user code[0m
[0;32mI (250) cpu_start: cpu freq: 80000000 Hz[0m
[0;32mI (250) cpu_start: Application information:[0m
[0;32mI (253) cpu_start: Project name:     esp32-c3-ota[0m
[0;32mI (258) cpu_start: App version:      e123b39-dirty[0m
[0;32mI (264) cpu_start: Compile time:     Jul 26 2024 21:33:05[0m
[0;32mI (270) cpu_start: ELF file SHA256:  0ce46704d...[0m
[0;32mI (275) cpu_start: ESP-IDF:          v5.2.1[0m
[0;32mI (280) cpu_start: Min chip rev:     v0.3[0m
[0;32mI (285) cpu_start: Max chip rev:     v1.99 [0m
[0;32mI (290) cpu_start: Chip rev:         v0.4[0m
[0;32mI (295) heap_init: Initializing. RAM available for dynamic allocation:[0m
[0;32mI (302) heap_init: At 3FC96E10 len 000291F0 (164 KiB): RAM[0m
[0;32mI (308) heap_init: At 3FCC0000 len 0001C710 (113 KiB): Retention RAM[0m
[0;32mI (315) heap_init: At 3FCDC710 len 00002950 (10 KiB): Retention RAM[0m
[0;32mI (322) heap_init: At 50000014 len 00001FD4 (7 KiB): RTCRAM[0m
[0;32mI (329) spi_flash: detected chip: generic[0m
[0;32mI (333) spi_flash: flash io: dio[0m
[0;32mI (337) sleep: Configure to isolate all GPIO pins in sleep state[0m
[0;32mI (344) sleep: Enable automatic switching of GPIO sleep configuration[0m
[0;32mI (351) coexist: coex firmware version: 77cd7f8[0m
[0;32mI (356) coexist: coexist rom version 9387209[0m
[0;32mI (361) main_task: Started on CPU0[0m
[0;32mI (361) main_task: Calling app_main()[0m
[0;32mI (361) ESP32 dev: THIS FIRMWARE HAVE LISENCES PODX INDUSRTRY V1.0
[0m
[0;32mI (371) ESP32 dev: BETA VERSION
[0m
[0;32mI (381) BLE_INIT: BT controller compile version [30b57c4][0m
[0;32mI (381) BLE_INIT: Bluetooth MAC: 9c:9e:6e:b6:e3:2e[0m
[0;32mI (391) phy_init: phy_version 1150,7c3c08f,Jan 24 2024,17:32:21[0m
[0;32mI (431) NimBLE: GAP procedure initiated: stop advertising.
[0m
[0;32mI (441) NimBLE: Failed to restore IRKs from store; status=8
[0m
[0;32mI (441) ESP32 dev: BLE synced[0m
[0;32mI (441) NimBLE: GAP procedure initiated: advertise; [0m
[0;32mI (451) NimBLE: disc_mode=2[0m
[0;32mI (451) NimBLE:  adv_channel_map=0 own_addr_type=0 adv_filter_policy=0 adv_itvl_min=256 adv_itvl_max=512[0m
[0;32mI (461) NimBLE: 
[0m
[0;32mI (461) Partition Info: Running partition: factory[0m
[0;32mI (471) Partition Info: Found partition: nvs of size 16384[0m
[0;32mI (471) Partition Info: Found partition: otadata of size 8192[0m
[0;32mI (481) Partition Info: Found partition: phy_init of size 4096[0m
[0;32mI (5491) GPIO_INIT: Address: 0x60009020 0x60004024 0x60004008 0x6000400c[0m
[0;32mI (5521) ESP32 dev: DR_REG_GPIO_BASE: 0x60004000, GPIO_ENABLE_W1TC_REG: 0x28, ADD_GPIO3: 0x100[0m
UART OPENNING
[0;32mI (5521) ESP32 dev: Main loop running, feeding the watchdog...[0m
[0;32mI (6511) SLEEP_CORE: Entering light sleep. Press GPIO3 to wake up.[0m
[0;31mE (6511) SLEEP_CORE: Failed to enter light sleep: 259[0m
[0;32mI (6511) SLEEP_CORE: Woke up![0m
[0;32mI (6531) ESP32 dev: Main loop running, feeding the watchdog...[0m
[0;32mI (7541) ESP32 dev: Main loop running, feeding the watchdog...[0m
[0;32mI (8551) ESP32 dev: Main loop running, feeding the watchdog...[0m
[0;32mI (9561) ESP32 dev: Main loop running, feeding the watchdog...[0m
[0;32mI (10571) ESP32 dev: Main loop running, feeding the watchdog...[0m
[0;32mI (11581) ESP32 dev: Main loop running, feeding the watchdog...[0m
[0;32mI (12591) ESP32 dev: Main loop running, feeding the watchdog...[0m
[0;32mI (13601) ESP32 dev: Main loop running, feeding the watchdog...[0m
[0;32mI (14611) ESP32 dev: Main loop running, feeding the watchdog...[0m
[0;32mI (15621) ESP32 dev: Main loop running, feeding the watchdog...[0m
[0;32mI (16631) ESP32 dev: Main loop running, feeding the watchdog...[0m
[0;32mI (17641) ESP32 dev: Main loop running, feeding the watchdog...[0m
[0;32mI (17661) GAP: BLE GAP EVENT CONNECT OK![0m
[0;32mI (17741) GAP: BLE GAP EVENT DISCONNECTED[0m
[0;32mI (17741) NimBLE: GAP procedure initiated: advertise; [0m
[0;32mI (17741) NimBLE: disc_mode=2[0m
[0;32mI (17741) NimBLE:  adv_channel_map=0 own_addr_type=0 adv_filter_policy=0 adv_itvl_min=256 adv_itvl_max=512[0m
[0;32mI (17751) NimBLE: 
[0m
[0;32mI (17761) GAP: BLE GAP EVENT CONNECT OK![0m
[0;32mI (18641) ESP32 dev: Main loop running, feeding the watchdog...[0m
[0;32mI (19641) ESP32 dev: Main loop running, feeding the watchdog...[0m
[0;32mI (20651) ESP32 dev: Main loop running, feeding the watchdog...[0m
[0;32mI (21911) ESP32 dev: Main loop running, feeding the watchdog...[0m
[0;32mI (23341) ESP32 dev: Main loop running, feeding the watchdog...[0m
[0;32mI (24551) OTA: OTA update started...[0m
[0;31mE (24551) OTA: max_file_size: 568320[0m
[0;32mI (24561) ESP32 dev: Main loop running, feeding the watchdog...[0m
[0;31mE (24581) OTA: Data in hexadecimal 128 bytes / 1 MAXFILESIZE: 568320     [0m
E9 06 02 2F 50 02 38 40 EE 00 00 00 05 00 03 03 00 C7 00 00 00 00 00 01 20 00 06 3C 00 9D 01 00 32 54 CD AB 00 00 00 00 00 00 00 00 00 00 00 00 65 31 32 33 62 33 39 2D 64 69 72 74 79 00 00 00 00 00 00 00 00 00 00 00 00 00 00 00 00 00 00 00 65 73 70 33 32 2D 63 33 2D 6F 74 61 00 00 00 00 00 00 00 00 00 00 00 00 00 00 00 00 00 00 00 00 32 31 3A 33 33 3A 30 35 00 00 00 00 00 00 00 00 
[0;31mE (24651) OTA: Data in hexadecimal 256 bytes / 2 MAXFILESIZE: 568320     [0m
4A 75 6C 20 32 36 20 32 30 32 34 00 00 00 00 00 76 35 2E 32 2E 31 00 00 00 00 00 00 00 00 00 00 00 00 00 00 00 00 00 00 00 00 00 00 00 00 00 00 32 00 61 F3 C7 CC A8 71 62 3F 7D 2B 16 BF 0B 61 27 B2 8A ED 6C 46 83 C3 A3 55 BD 26 A9 E2 06 20 00 00 00 00 00 00 00 00 00 00 00 00 00 00 00 00 00 00 00 00 00 00 00 00 00 00 00 00 00 00 00 00 00 00 00 00 00 00 00 00 00 00 00 00 00 00 00 00 
[0;31mE (24711) OTA: Data in hexadecimal 384 bytes / 3 MAXFILESIZE: 568320     [0m
00 00 00 00 00 00 00 00 00 00 00 00 00 00 00 00 00 00 00 00 00 00 00 00 00 00 00 00 00 00 00 00 70 74 68 72 65 61 64 00 1B 5B 30 3B 33 31 6D 45 20 28 25 6C 75 29 20 25 73 3A 20 46 61 69 6C 65 64 20 74 6F 20 61 6C 6C 6F 63 61 74 65 20 74 61 73 6B 20 61 72 67 73 21 1B 5B 30 6D 0A 00 00 00 1B 5B 30 3B 33 31 6D 45 20 28 25 6C 75 29 20 25 73 3A 20 46 61 69 6C 65 64 20 74 6F 20 61 6C 6C 
[0;31mE (24801) OTA: Data in hexadecimal 512 bytes / 4 MAXFILESIZE: 568320     [0m
6F 63 61 74 65 20 70 74 68 72 65 61 64 20 64 61 74 61 21 1B 5B 30 6D 0A 00 00 00 00 1B 5B 30 3B 33 31 6D 45 20 28 25 6C 75 29 20 25 73 3A 20 46 61 69 6C 65 64 20 74 6F 20 63 72 65 61 74 65 20 74 61 73 6B 21 1B 5B 30 6D 0A 00 00 66 61 6C 73 65 20 26 26 20 22 46 61 69 6C 65 64 20 74 6F 20 6C 6F 63 6B 20 74 68 72 65 61 64 73 20 6C 69 73 74 21 22 00 2F 2F 49 44 46 2F 63 6F 6D 70 6F 6E 
[0;31mE (24861) OTA: Data in hexadecimal 640 bytes / 5 MAXFILESIZE: 568320     [0m
65 6E 74 73 2F 70 74 68 72 65 61 64 2F 70 74 68 72 65 61 64 2E 63 00 00 66 61 6C 73 65 20 26 26 20 22 46 61 69 6C 65 64 20 74 6F 20 72 65 6C 65 61 73 65 20 6D 75 74 65 78 21 22 00 66 61 6C 73 65 20 26 26 20 22 46 61 69 6C 65 64 20 74 6F 20 75 6E 6C 6F 63 6B 20 6D 75 74 65 78 21 22 00 00 74 6C 73 20 21 3D 20 4E 55 4C 4C 00 2F 2F 49 44 46 2F 63 6F 6D 70 6F 6E 65 6E 74 73 2F 70 74 68 
[0;31mE (24941) OTA: Data in hexadecimal 768 bytes / 6 MAXFILESIZE: 568320     [0m
72 65 61 64 2F 70 74 68 72 65 61 64 5F 6C 6F 63 61 6C 5F 73 74 6F 72 61 67 65 2E 63 00 00 00 00 63 70 75 5F 73 74 61 72 74 00 00 00 1B 5B 30 3B 33 32 6D 49 20 28 25 6C 75 29 20 25 73 3A 20 55 6E 69 63 6F 72 65 20 61 70 70 1B 5B 30 6D 0A 00 1B 5B 30 3B 33 31 6D 45 20 28 25 6C 75 29 20 25 73 3A 20 4D 65 6D 70 72 6F 74 20 66 65 61 74 75 72 65 20 6C 6F 63 6B 65 64 20 61 66 74 65 72 20 
[0;31mE (25001) OTA: Data in hexadecimal 896 bytes / 7 MAXFILESIZE: 568320     [0m
74 68 65 20 73 79 73 74 65 6D 20 72 65 73 65 74 21 20 50 6F 74 65 6E 74 69 61 6C 20 73 61 66 65 74 79 20 63 6F 72 72 75 70 74 69 6F 6E 2C 20 72 65 62 6F 6F 74 69 6E 67 2E 1B 5B 30 6D 0A 00 00 1B 5B 30 3B 33 31 6D 45 20 28 25 6C 75 29 20 25 73 3A 20 46 61 69 6C 65 64 20 74 6F 20 73 65 74 20 4D 65 6D 70 72 6F 74 20 66 65 61 74 75 72 65 20 28 30 78 25 30 38 58 3A 20 25 73 29 2C 20 72 
[0;31mE (25071) OTA: Data in hexadecimal 1024 bytes / 8 MAXFILESIZE: 568320     [0m
65 62 6F 6F 74 69 6E 67 2E 1B 5B 30 6D 0A 00 00 63 6C 6B 00 1B 5B 30 3B 33 33 6D 57 20 28 25 6C 75 29 20 25 73 3A 20 33 32 20 6B 48 7A 20 58 54 41 4C 20 6E 6F 74 20 66 6F 75 6E 64 2C 20 73 77 69 74 63 68 69 6E 67 20 74 6F 20 69 6E 74 65 72 6E 61 6C 20 31 35 30 20 6B 48 7A 20 6F 73 63 69 6C 6C 61 74 6F 72 1B 5B 30 6D 0A 00 72 74 63 5F 63 6C 6B 5F 78 74 61 6C 5F 66 72 65 71 5F 67 65 
[0;31mE (25131) OTA: Data in hexadecimal 1152 bytes / 9 MAXFILESIZE: 568320     [0m
74 28 29 20 3D 3D 20 52 54 43 5F 58 54 41 4C 5F 46 52 45 51 5F 34 30 4D 00 00 00 00 2F 2F 49 44 46 2F 63 6F 6D 70 6F 6E 65 6E 74 73 2F 65 73 70 5F 73 79 73 74 65 6D 2F 70 6F 72 74 2F 73 6F 63 2F 65 73 70 33 32 63 33 2F 63 6C 6B 2E 63 00 00 72 65 73 00 47 75 72 75 20 4D 65 64 69 74 61 74 69 6F 6E 20 45 72 72 6F 72 3A 20 43 6F 72 65 20 00 00 00 00 20 70 61 6E 69 63 27 65 64 20 28 00 
[0;31mE (25191) OTA: Data in hexadecimal 1280 bytes / 10 MAXFILESIZE: 568320     [0m
29 2E 20 00 53 65 74 74 69 6E 67 20 62 72 65 61 6B 70 6F 69 6E 74 20 61 74 20 30 78 00 00 00 00 20 61 6E 64 20 72 65 74 75 72 6E 69 6E 67 2E 2E 2E 0D 0A 00 0D 0A 45 4C 46 20 66 69 6C 65 20 53 48 41 32 35 36 3A 20 00 52 65 62 6F 6F 74 69 6E 67 2E 2E 2E 0D 0A 00 00 76 66 73 5F 65 72 72 20 3D 3D 20 45 53 50 5F 4F 4B 20 26 26 20 22 46 61 69 6C 65 64 20 74 6F 20 72 65 67 69 73 74 65 72 
[0;31mE (25251) OTA: Data in hexadecimal 1408 bytes / 11 MAXFILESIZE: 568320     [0m
20 76 66 73 20 63 6F 6E 73 6F 6C 65 22 00 00 00 2F 2F 49 44 46 2F 63 6F 6D 70 6F 6E 65 6E 74 73 2F 65 73 70 5F 73 79 73 74 65 6D 2F 73 74 61 72 74 75 70 2E 63 00 00 00 2F 64 65 76 2F 63 6F 6E 73 6F 6C 65 00 00 00 00 65 72 72 20 3D 3D 20 45 53 50 5F 4F 4B 20 26 26 20 22 46 61 69 6C 65 64 20 74 6F 20 69 6E 69 74 20 70 74 68 72 65 61 64 20 6D 6F 64 75 6C 65 21 22 00 00 00 66 6C 61 73 
[0;31mE (25311) OTA: Data in hexadecimal 1536 bytes / 12 MAXFILESIZE: 568320     [0m
68 5F 72 65 74 20 3D 3D 20 45 53 50 5F 4F 4B 00 1B 5B 30 3B 33 31 6D 45 20 28 25 6C 75 29 20 25 73 3A 20 69 6E 69 74 20 66 75 6E 63 74 69 6F 6E 20 25 70 20 68 61 73 20 66 61 69 6C 65 64 20 28 30 78 25 78 29 2C 20 61 62 6F 72 74 69 6E 67 1B 5B 30 6D 0A 00 00 00 00 28 63 6F 6E 73 74 72 61 69 6E 74 20 69 67 6E 6F 72 65 64 29 00 00 00 00 1B 5B 30 3B 33 32 6D 49 20 28 25 6C 75 29 20 25 
[0;31mE (25371) OTA: Data in hexadecimal 1664 bytes / 13 MAXFILESIZE: 568320     [0m
73 3A 20 50 72 6F 20 63 70 75 20 73 74 61 72 74 20 75 73 65 72 20 63 6F 64 65 1B 5B 30 6D 0A 00 1B 5B 30 3B 33 32 6D 49 20 28 25 6C 75 29 20 25 73 3A 20 63 70 75 20 66 72 65 71 3A 20 25 64 20 48 7A 1B 5B 30 6D 0A 00 1B 5B 30 3B 33 32 6D 49 20 28 25 6C 75 29 20 25 73 3A 20 41 70 70 6C 69 63 61 74 69 6F 6E 20 69 6E 66 6F 72 6D 61 74 69 6F 6E 3A 1B 5B 30 6D 0A 00 00 00 00 1B 5B 30 3B 
[0;31mE (25431) OTA: Data in hexadecimal 1792 bytes / 14 MAXFILESIZE: 568320     [0m
33 32 6D 49 20 28 25 6C 75 29 20 25 73 3A 20 50 72 6F 6A 65 63 74 20 6E 61 6D 65 3A 20 20 20 20 20 25 73 1B 5B 30 6D 0A 00 00 00 00 1B 5B 30 3B 33 32 6D 49 20 28 25 6C 75 29 20 25 73 3A 20 41 70 70 20 76 65 72 73 69 6F 6E 3A 20 20 20 20 20 20 25 73 1B 5B 30 6D 0A 00 00 00 00 1B 5B 30 3B 33 32 6D 49 20 28 25 6C 75 29 20 25 73 3A 20 43 6F 6D 70 69 6C 65 20 74 69 6D 65 3A 20 20 20 20 
[0;31mE (25511) OTA: Data in hexadecimal 1920 bytes / 15 MAXFILESIZE: 568320     [0m
20 25 73 20 25 73 1B 5B 30 6D 0A 00 1B 5B 30 3B 33 32 6D 49 20 28 25 6C 75 29 20 25 73 3A 20 45 4C 46 20 66 69 6C 65 20 53 48 41 32 35 36 3A 20 20 25 73 2E 2E 2E 1B 5B 30 6D 0A 00 1B 5B 30 3B 33 32 6D 49 20 28 25 6C 75 29 20 25 73 3A 20 45 53 50 2D 49 44 46 3A 20 20 20 20 20 20 20 20 20 20 25 73 1B 5B 30 6D 0A 00 00 00 00 1B 5B 30 3B 33 32 6D 49 20 28 25 6C 75 29 20 25 73 3A 20 4D 
[0;32mI (25571) ESP32 dev: Main loop running, feeding the watchdog...[0m
[0;31mE (25571) OTA: Data in hexadecimal 2048 bytes / 16 MAXFILESIZE: 568320     [0m
69 6E 20 63 68 69 70 20 72 65 76 3A 20 20 20 20 20 76 25 64 2E 25 64 1B 5B 30 6D 0A 00 00 00 00 1B 5B 30 3B 33 32 6D 49 20 28 25 6C 75 29 20 25 73 3A 20 4D 61 78 20 63 68 69 70 20 72 65 76 3A 20 20 20 20 20 76 25 64 2E 25 64 20 25 73 1B 5B 30 6D 0A 00 1B 5B 30 3B 33 32 6D 49 20 28 25 6C 75 29 20 25 73 3A 20 43 68 69 70 20 72 65 76 3A 20 20 20 20 20 20 20 20 20 76 25 64 2E 25 64 1B 
[0;31mE (25631) OTA: Data in hexadecimal 2176 bytes / 17 MAXFILESIZE: 568320     [0m
5B 30 6D 0A 00 00 00 00 55 6E 6B 6E 6F 77 6E 00 42 4F 44 00 49 52 41 4D 30 5F 53 52 41 4D 00 00 44 52 41 4D 30 5F 53 52 41 4D 00 00 49 52 41 4D 30 5F 52 54 43 46 41 53 54 00 00 00 49 52 41 4D 30 5F 41 4E 59 00 00 00 41 4C 4C 00 20 20 00 00 45 58 54 4D 45 4D 5F 43 4F 52 45 30 5F 41 43 53 5F 43 41 43 48 45 5F 49 4E 54 5F 53 54 5F 52 45 47 20 3D 20 30 78 00 00 0D 0A 45 58 54 4D 45 4D 
[0;31mE (25721) OTA: Data in hexadecimal 2304 bytes / 18 MAXFILESIZE: 568320     [0m
5F 43 41 43 48 45 5F 49 4C 47 5F 49 4E 54 5F 53 54 5F 52 45 47 20 3D 20 30 78 00 00 0D 0A 53 74 61 63 6B 20 6D 65 6D 6F 72 79 3A 0D 0A 00 00 00 20 20 2D 20 6E 6F 20 64 65 74 61 69 6C 73 20 61 76 61 69 6C 61 62 6C 65 20 2D 0D 0A 00 00 00 00 20 20 6D 65 6D 6F 72 79 20 74 79 70 65 3A 20 00 0D 0A 20 20 66 61 75 6C 74 69 6E 67 20 61 64 64 72 65 73 73 3A 20 00 00 4E 2F 41 20 28 65 72 72 
[0;31mE (25781) OTA: Data in hexadecimal 2432 bytes / 19 MAXFILESIZE: 568320     [0m
6F 72 20 00 0D 0A 20 20 77 6F 72 6C 64 3A 20 00 0D 0A 20 20 6F 70 65 72 61 74 69 6F 6E 20 74 79 70 65 3A 20 00 00 00 00 0D 0A 20 20 62 79 74 65 2D 65 6E 61 62 6C 65 73 3A 20 00 00 41 53 53 49 53 54 5F 44 45 42 55 47 20 69 73 20 6E 6F 74 20 74 72 69 67 67 65 72 65 64 20 42 55 54 20 69 6E 74 65 72 72 75 70 74 20 6F 63 63 75 72 65 64 21 0D 0A 0D 0A 00 00 00 00 44 65 74 65 63 74 65 64 
[0;31mE (25841) OTA: Data in hexadecimal 2560 bytes / 20 MAXFILESIZE: 568320     [0m
20 69 6E 20 74 61 73 6B 20 22 00 00 22 20 61 74 20 30 78 00 53 74 61 63 6B 20 70 6F 69 6E 74 65 72 3A 20 30 78 00 00 00 53 74 61 63 6B 20 62 6F 75 6E 64 73 3A 20 30 78 00 00 00 00 20 2D 20 30 78 00 00 00 43 6F 72 65 20 00 00 00 20 72 65 67 69 73 74 65 72 20 64 75 6D 70 3A 00 55 6E 6B 6E 6F 77 6E 20 72 65 61 73 6F 6E 00 00 43 61 63 68 65 20 65 72 72 6F 72 00 49 6E 74 65 72 72 75 70 
[0;31mE (25901) OTA: Data in hexadecimal 2688 bytes / 21 MAXFILESIZE: 568320     [0m
74 20 77 64 74 20 74 69 6D 65 6F 75 74 20 6F 6E 20 43 50 55 30 00 00 00 53 74 61 63 6B 20 70 72 6F 74 65 63 74 69 6F 6E 20 66 61 75 6C 74 00 00 4D 65 6D 6F 72 79 20 70 72 6F 74 65 63 74 69 6F 6E 20 66 61 75 6C 74 00 45 78 63 65 70 74 69 6F 6E 20 77 61 73 20 75 6E 68 61 6E 64 6C 65 64 2E 00 00 00 00 49 6E 73 74 72 75 63 74 69 6F 6E 20 61 64 64 72 65 73 73 20 6D 69 73 61 6C 69 67 6E 
[0;31mE (25991) OTA: Data in hexadecimal 2816 bytes / 22 MAXFILESIZE: 568320     [0m
65 64 00 00 49 6E 73 74 72 75 63 74 69 6F 6E 20 61 63 63 65 73 73 20 66 61 75 6C 74 00 00 00 00 49 6C 6C 65 67 61 6C 20 69 6E 73 74 72 75 63 74 69 6F 6E 00 42 72 65 61 6B 70 6F 69 6E 74 00 00 4C 6F 61 64 20 61 64 64 72 65 73 73 20 6D 69 73 61 6C 69 67 6E 65 64 00 4C 6F 61 64 20 61 63 63 65 73 73 20 66 61 75 6C 74 00 00 00 53 74 6F 72 65 20 61 64 64 72 65 73 73 20 6D 69 73 61 6C 69 
[0;31mE (26051) OTA: Data in hexadecimal 2944 bytes / 23 MAXFILESIZE: 568320     [0m
67 6E 65 64 00 00 00 00 53 74 6F 72 65 20 61 63 63 65 73 73 20 66 61 75 6C 74 00 00 45 6E 76 69 72 6F 6E 6D 65 6E 74 20 63 61 6C 6C 20 66 72 6F 6D 20 55 2D 6D 6F 64 65 00 00 00 00 45 6E 76 69 72 6F 6E 6D 65 6E 74 20 63 61 6C 6C 20 66 72 6F 6D 20 53 2D 6D 6F 64 65 00 00 00 00 45 6E 76 69 72 6F 6E 6D 65 6E 74 20 63 61 6C 6C 20 66 72 6F 6D 20 4D 2D 6D 6F 64 65 00 00 00 00 49 6E 73 74 
[0;31mE (26111) OTA: Data in hexadecimal 3072 bytes / 24 MAXFILESIZE: 568320     [0m
72 75 63 74 69 6F 6E 20 70 61 67 65 20 66 61 75 6C 74 00 00 4C 6F 61 64 20 70 61 67 65 20 66 61 75 6C 74 00 53 74 6F 72 65 20 70 61 67 65 20 66 61 75 6C 74 00 00 00 00 4D 4D 55 20 65 6E 74 72 79 20 66 61 75 6C 74 00 70 72 65 6C 6F 61 64 20 63 6F 6E 66 69 67 75 72 61 74 69 6F 6E 73 20 66 61 75 6C 74 00 00 00 00 73 79 6E 63 20 63 6F 6E 66 69 67 75 72 61 74 69 6F 6E 73 20 66 61 75 6C 
[0;31mE (26171) OTA: Data in hexadecimal 3200 bytes / 25 MAXFILESIZE: 568320     [0m
74 00 00 00 64 62 75 73 20 74 72 69 65 64 20 74 6F 20 77 72 69 74 65 20 63 61 63 68 65 00 00 00 64 62 75 73 20 61 75 74 68 65 6E 74 69 63 61 74 69 6F 6E 20 66 61 69 6C 65 64 00 00 61 63 63 65 73 73 20 74 6F 20 63 61 63 68 65 20 77 68 69 6C 65 20 64 62 75 73 20 6F 72 20 63 61 63 68 65 20 69 73 20 64 69 73 61 62 6C 65 64 00 69 62 75 73 20 61 75 74 68 65 6E 74 69 63 61 74 69 6F 6E 20 
[0;31mE (26231) OTA: Data in hexadecimal 3328 bytes / 26 MAXFILESIZE: 568320     [0m
66 61 69 6C 65 64 00 00 69 62 75 73 20 74 72 69 65 64 20 74 6F 20 77 72 69 74 65 20 63 61 63 68 65 00 00 00 61 63 63 65 73 73 20 74 6F 20 63 61 63 68 65 20 77 68 69 6C 65 20 69 62 75 73 20 6F 72 20 63 61 63 68 65 20 69 73 20 64 69 73 61 62 6C 65 64 00 4D 45 50 43 20 20 20 20 00 00 00 00 52 41 20 20 20 20 20 20 00 00 00 00 53 50 20 20 20 20 20 20 00 00 00 00 47 50 20 20 20 20 20 20 
[0;31mE (26291) OTA: Data in hexadecimal 3456 bytes / 27 MAXFILESIZE: 568320     [0m
00 00 00 00 54 50 20 20 20 20 20 20 00 00 00 00 54 30 20 20 20 20 20 20 00 00 00 00 54 31 20 20 20 20 20 20 00 00 00 00 54 32 20 20 20 20 20 20 00 00 00 00 53 30 2F 46 50 20 20 20 00 00 00 00 53 31 20 20 20 20 20 20 00 00 00 00 41 30 20 20 20 20 20 20 00 00 00 00 41 31 20 20 20 20 20 20 00 00 00 00 41 32 20 20 20 20 20 20 00 00 00 00 41 33 20 20 20 20 20 20 00 00 00 00 41 34 20 20 
[0;31mE (26361) OTA: Data in hexadecimal 3584 bytes / 28 MAXFILESIZE: 568320     [0m
20 20 20 20 00 00 00 00 41 35 20 20 20 20 20 20 00 00 00 00 41 36 20 20 20 20 20 20 00 00 00 00 41 37 20 20 20 20 20 20 00 00 00 00 53 32 20 20 20 20 20 20 00 00 00 00 53 33 20 20 20 20 20 20 00 00 00 00 53 34 20 20 20 20 20 20 00 00 00 00 53 35 20 20 20 20 20 20 00 00 00 00 53 36 20 20 20 20 20 20 00 00 00 00 53 37 20 20 20 20 20 20 00 00 00 00 53 38 20 20 20 20 20 20 00 00 00 00 
[0;31mE (26451) OTA: Data in hexadecimal 3712 bytes / 29 MAXFILESIZE: 568320     [0m
53 39 20 20 20 20 20 20 00 00 00 00 53 31 30 20 20 20 20 20 00 00 00 00 53 31 31 20 20 20 20 20 00 00 00 00 54 33 20 20 20 20 20 20 00 00 00 00 54 34 20 20 20 20 20 20 00 00 00 00 54 35 20 20 20 20 20 20 00 00 00 00 54 36 20 20 20 20 20 20 00 00 00 00 4D 53 54 41 54 55 53 20 00 00 00 00 4D 54 56 45 43 20 20 20 00 00 00 00 4D 43 41 55 53 45 20 20 00 00 00 00 4D 54 56 41 4C 20 20 20 
[0;31mE (26511) OTA: Data in hexadecimal 3840 bytes / 30 MAXFILESIZE: 568320     [0m
00 00 00 00 4D 48 41 52 54 49 44 20 00 00 00 00 69 20 3D 3D 20 30 20 7C 7C 20 73 5F 6C 6F 67 5F 63 61 63 68 65 5B 28 69 20 2D 20 31 29 20 2F 20 32 5D 2E 67 65 6E 65 72 61 74 69 6F 6E 20 3C 20 73 5F 6C 6F 67 5F 63 61 63 68 65 5B 69 5D 2E 67 65 6E 65 72 61 74 69 6F 6E 00 00 00 2F 2F 49 44 46 2F 63 6F 6D 70 6F 6E 65 6E 74 73 2F 6C 6F 67 2F 6C 6F 67 2E 63 00 00 65 73 70 5F 70 74 72 5F 
[0;32mI (26571) ESP32 dev: Main loop running, feeding the watchdog...[0m
[0;31mE (26601) OTA: Data in hexadecimal 3968 bytes / 31 MAXFILESIZE: 568320     [0m
69 6E 5F 64 69 72 61 6D 5F 64 72 61 6D 28 28 76 6F 69 64 20 2A 29 64 73 74 61 72 74 29 00 00 00 2F 2F 49 44 46 2F 63 6F 6D 70 6F 6E 65 6E 74 73 2F 68 65 61 70 2F 68 65 61 70 5F 63 61 70 73 2E 63 00 00 00 65 73 70 5F 70 74 72 5F 69 6E 5F 64 69 72 61 6D 5F 64 72 61 6D 28 28 76 6F 69 64 20 2A 29 64 65 6E 64 29 00 28 64 73 74 61 72 74 20 26 20 33 29 20 3D 3D 20 30 00 00 00 28 64 65 6E 
[0;31mE (26661) OTA: Data in hexadecimal 4096 bytes / 32 MAXFILESIZE: 568320     [0m
64 20 26 20 33 29 20 3D 3D 20 30 00 68 65 61 70 20 21 3D 20 4E 55 4C 4C 20 26 26 20 22 66 72 65 65 28 29 20 74 61 72 67 65 74 20 70 6F 69 6E 74 65 72 20 69 73 20 6F 75 74 73 69 64 65 20 68 65 61 70 20 61 72 65 61 73 22 00 00 00 68 65 61 70 20 21 3D 20 4E 55 4C 4C 20 26 26 20 22 72 65 61 6C 6C 6F 63 28 29 20 70 6F 69 6E 74 65 72 20 69 73 20 6F 75 74 73 69 64 65 20 68 65 61 70 20 61 
[0;31mE (26721) OTA: Data in hexadecimal 4224 bytes / 33 MAXFILESIZE: 568320     [0m
72 65 61 73 22 00 00 00 6F 6C 64 5F 73 69 7A 65 20 3E 20 30 00 00 00 00 68 65 61 70 5F 73 69 7A 65 20 3C 3D 20 48 45 41 50 5F 53 49 5A 45 5F 4D 41 58 00 00 2F 2F 49 44 46 2F 63 6F 6D 70 6F 6E 65 6E 74 73 2F 68 65 61 70 2F 68 65 61 70 5F 63 61 70 73 5F 69 6E 69 74 2E 63 00 00 68 65 61 70 5F 69 6E 69 74 00 00 00 1B 5B 30 3B 33 32 6D 49 20 28 25 6C 75 29 20 25 73 3A 20 49 6E 69 74 69 
[0;31mE (26781) OTA: Data in hexadecimal 4352 bytes / 34 MAXFILESIZE: 568320     [0m
61 6C 69 7A 69 6E 67 2E 20 52 41 4D 20 61 76 61 69 6C 61 62 6C 65 20 66 6F 72 20 64 79 6E 61 6D 69 63 20 61 6C 6C 6F 63 61 74 69 6F 6E 3A 1B 5B 30 6D 0A 00 68 65 61 70 5F 69 64 78 20 3C 3D 20 6E 75 6D 5F 68 65 61 70 73 00 00 00 6C 6F 63 6B 00 00 00 00 2F 2F 49 44 46 2F 63 6F 6D 70 6F 6E 65 6E 74 73 2F 65 73 70 5F 68 77 5F 73 75 70 70 6F 72 74 2F 69 6E 63 6C 75 64 65 2F 73 70 69 6E 
[0;31mE (26871) OTA: Data in hexadecimal 4480 bytes / 35 MAXFILESIZE: 568320     [0m
6C 6F 63 6B 2E 68 00 00 1B 5B 30 3B 33 32 6D 49 20 28 25 6C 75 29 20 25 73 3A 20 41 74 20 25 30 38 58 20 6C 65 6E 20 25 30 38 58 20 28 25 64 20 4B 69 42 29 3A 20 25 73 1B 5B 30 6D 0A 00 00 00 68 65 61 70 5F 69 64 78 20 3D 3D 20 6E 75 6D 5F 68 65 61 70 73 00 00 00 53 4C 49 53 54 5F 45 4D 50 54 59 28 26 72 65 67 69 73 74 65 72 65 64 5F 68 65 61 70 73 29 00 00 68 65 61 70 73 5F 61 72 
[0;31mE (26931) OTA: Data in hexadecimal 4608 bytes / 36 MAXFILESIZE: 568320     [0m
72 61 79 20 21 3D 20 4E 55 4C 4C 00 43 4F 52 52 55 50 54 20 48 45 41 50 3A 20 6D 75 6C 74 69 5F 68 65 61 70 2E 63 3A 25 64 20 64 65 74 65 63 74 65 64 20 61 74 20 30 78 25 30 38 78 0A 00 00 00 73 74 61 72 74 5F 70 74 72 00 00 00 2F 2F 49 44 46 2F 63 6F 6D 70 6F 6E 65 6E 74 73 2F 68 65 61 70 2F 6D 75 6C 74 69 5F 68 65 61 70 2E 63 00 00 68 65 61 70 20 21 3D 20 4E 55 4C 4C 00 00 00 00 
[0;31mE (26991) OTA: Data in hexadecimal 4736 bytes / 37 MAXFILESIZE: 568320     [0m
73 69 7A 65 6F 66 28 75 6E 73 69 67 6E 65 64 20 69 6E 74 29 20 2A 20 43 48 41 52 5F 42 49 54 20 3E 3D 20 63 6F 6E 74 72 6F 6C 2D 3E 73 6C 5F 69 6E 64 65 78 5F 63 6F 75 6E 74 20 26 26 20 22 43 48 41 52 5F 42 49 54 20 6C 65 73 73 20 74 68 61 6E 20 73 6C 5F 69 6E 64 65 78 5F 63 6F 75 6E 74 22 00 00 00 2F 2F 49 44 46 2F 63 6F 6D 70 6F 6E 65 6E 74 73 2F 68 65 61 70 2F 74 6C 73 66 2F 74 
[0;31mE (27051) OTA: Data in hexadecimal 4864 bytes / 38 MAXFILESIZE: 568320     [0m
6C 73 66 2E 63 00 00 00 41 4C 49 47 4E 5F 53 49 5A 45 20 3D 3D 20 63 6F 6E 74 72 6F 6C 2D 3E 73 6D 61 6C 6C 5F 62 6C 6F 63 6B 5F 73 69 7A 65 20 2F 20 63 6F 6E 74 72 6F 6C 2D 3E 73 6C 5F 69 6E 64 65 78 5F 63 6F 75 6E 74 00 00 00 75 73 65 64 00 00 00 00 66 72 65 65 00 00 00 00 09 25 70 20 25 73 20 73 69 7A 65 3A 20 25 78 20 28 25 70 29 0A 00 00 00 21 62 6C 6F 63 6B 5F 69 73 5F 6C 61 
[0;31mE (27111) OTA: Data in hexadecimal 4992 bytes / 39 MAXFILESIZE: 568320     [0m
73 74 28 62 6C 6F 63 6B 29 00 00 00 2F 2F 49 44 46 2F 63 6F 6D 70 6F 6E 65 6E 74 73 2F 68 65 61 70 2F 74 6C 73 66 2F 74 6C 73 66 5F 62 6C 6F 63 6B 5F 66 75 6E 63 74 69 6F 6E 73 2E 68 00 00 00 74 6C 73 66 5F 61 64 64 5F 70 6F 6F 6C 3A 20 4D 65 6D 6F 72 79 20 6D 75 73 74 20 62 65 20 61 6C 69 67 6E 65 64 20 62 79 20 25 75 20 62 79 74 65 73 2E 0A 00 74 6C 73 66 5F 61 64 64 5F 70 6F 6F 
[0;31mE (27191) OTA: Data in hexadecimal 5120 bytes / 40 MAXFILESIZE: 568320     [0m
6C 3A 20 4D 65 6D 6F 72 79 20 73 69 7A 65 20 6D 75 73 74 20 62 65 20 62 65 74 77 65 65 6E 20 25 75 20 61 6E 64 20 25 75 20 62 79 74 65 73 2E 0A 00 00 00 00 63 75 72 72 65 6E 74 20 26 26 20 22 66 72 65 65 20 6C 69 73 74 20 63 61 6E 6E 6F 74 20 68 61 76 65 20 61 20 6E 75 6C 6C 20 65 6E 74 72 79 22 00 62 6C 6F 63 6B 20 26 26 20 22 63 61 6E 6E 6F 74 20 69 6E 73 65 72 74 20 61 20 6E 75 
[0;31mE (27261) OTA: Data in hexadecimal 5248 bytes / 41 MAXFILESIZE: 568320     [0m
6C 6C 20 65 6E 74 72 79 20 69 6E 74 6F 20 74 68 65 20 66 72 65 65 20 6C 69 73 74 22 00 00 00 00 62 6C 6F 63 6B 5F 74 6F 5F 70 74 72 28 62 6C 6F 63 6B 29 20 3D 3D 20 61 6C 69 67 6E 5F 70 74 72 28 62 6C 6F 63 6B 5F 74 6F 5F 70 74 72 28 62 6C 6F 63 6B 29 2C 20 41 4C 49 47 4E 5F 53 49 5A 45 29 20 26 26 20 22 62 6C 6F 63 6B 20 6E 6F 74 20 61 6C 69 67 6E 65 64 20 70 72 6F 70 65 72 6C 79 
[0;31mE (27321) OTA: Data in hexadecimal 5376 bytes / 42 MAXFILESIZE: 568320     [0m
22 00 00 00 62 6C 6F 63 6B 5F 69 73 5F 66 72 65 65 28 62 6C 6F 63 6B 29 20 26 26 20 22 62 6C 6F 63 6B 20 73 68 6F 75 6C 64 20 62 65 20 66 72 65 65 22 00 00 21 62 6C 6F 63 6B 5F 69 73 5F 66 72 65 65 28 62 6C 6F 63 6B 5F 6E 65 78 74 28 62 6C 6F 63 6B 29 29 20 26 26 20 22 6E 65 78 74 20 62 6C 6F 63 6B 20 73 68 6F 75 6C 64 20 6E 6F 74 20 62 65 20 66 72 65 65 22 00 00 00 00 62 6C 6F 63 
[0;31mE (27401) OTA: Data in hexadecimal 5504 bytes / 43 MAXFILESIZE: 568320     [0m
6B 5F 73 69 7A 65 28 62 6C 6F 63 6B 5F 6E 65 78 74 28 62 6C 6F 63 6B 29 29 20 3D 3D 20 30 20 26 26 20 22 6E 65 78 74 20 62 6C 6F 63 6B 20 73 69 7A 65 20 73 68 6F 75 6C 64 20 62 65 20 7A 65 72 6F 22 00 00 70 72 65 76 20 26 26 20 22 70 72 65 76 5F 66 72 65 65 20 66 69 65 6C 64 20 63 61 6E 20 6E 6F 74 20 62 65 20 6E 75 6C 6C 22 00 00 00 6E 65 78 74 20 26 26 20 22 6E 65 78 74 5F 66 72 
[0;31mE (27461) OTA: Data in hexadecimal 5632 bytes / 44 MAXFILESIZE: 568320     [0m
65 65 20 66 69 65 6C 64 20 63 61 6E 20 6E 6F 74 20 62 65 20 6E 75 6C 6C 22 00 00 00 74 6C 73 66 5F 63 72 65 61 74 65 3A 20 4D 65 6D 6F 72 79 20 6D 75 73 74 20 62 65 20 61 6C 69 67 6E 65 64 20 74 6F 20 25 75 20 62 79 74 65 73 2E 0A 00 00 00 73 6C 5F 6D 61 70 20 26 26 20 22 69 6E 74 65 72 6E 61 6C 20 65 72 72 6F 72 20 2D 20 73 65 63 6F 6E 64 20 6C 65 76 65 6C 20 62 69 74 6D 61 70 20 
[0;31mE (27521) OTA: Data in hexadecimal 5760 bytes / 45 MAXFILESIZE: 568320     [0m
69 73 20 6E 75 6C 6C 22 00 00 00 00 62 6C 6F 63 6B 5F 73 69 7A 65 28 62 6C 6F 63 6B 29 20 3E 3D 20 73 69 7A 65 00 00 00 73 69 7A 65 20 26 26 20 22 73 69 7A 65 20 6D 75 73 74 20 62 65 20 6E 6F 6E 2D 7A 65 72 6F 22 00 62 6C 6F 63 6B 5F 69 73 5F 66 72 65 65 28 62 6C 6F 63 6B 29 20 26 26 20 22 62 6C 6F 63 6B 20 6D 75 73 74 20 62 65 20 66 72 65 65 22 00 00 00 00 62 6C 6F 63 6B 5F 74 6F 
[0;32mI (27581) ESP32 dev: Main loop running, feeding the watchdog...[0m
[0;31mE (27581) OTA: Data in hexadecimal 5888 bytes / 46 MAXFILESIZE: 568320     [0m
5F 70 74 72 28 72 65 6D 61 69 6E 69 6E 67 29 20 3D 3D 20 61 6C 69 67 6E 5F 70 74 72 28 62 6C 6F 63 6B 5F 74 6F 5F 70 74 72 28 72 65 6D 61 69 6E 69 6E 67 29 2C 20 41 4C 49 47 4E 5F 53 49 5A 45 29 20 26 26 20 22 72 65 6D 61 69 6E 69 6E 67 20 62 6C 6F 63 6B 20 6E 6F 74 20 61 6C 69 67 6E 65 64 20 70 72 6F 70 65 72 6C 79 22 00 62 6C 6F 63 6B 5F 73 69 7A 65 28 62 6C 6F 63 6B 29 20 3D 3D 
[0;31mE (27651) OTA: Data in hexadecimal 6016 bytes / 47 MAXFILESIZE: 568320     [0m
20 72 65 6D 61 69 6E 5F 73 69 7A 65 20 2B 20 73 69 7A 65 20 2B 20 62 6C 6F 63 6B 5F 68 65 61 64 65 72 5F 6F 76 65 72 68 65 61 64 00 62 6C 6F 63 6B 5F 73 69 7A 65 28 72 65 6D 61 69 6E 69 6E 67 29 20 3E 3D 20 62 6C 6F 63 6B 5F 73 69 7A 65 5F 6D 69 6E 20 26 26 20 22 62 6C 6F 63 6B 20 73 70 6C 69 74 20 77 69 74 68 20 69 6E 76 61 6C 69 64 20 73 69 7A 65 22 00 00 21 62 6C 6F 63 6B 5F 69 
[0;31mE (27711) OTA: Data in hexadecimal 6144 bytes / 48 MAXFILESIZE: 568320     [0m
73 5F 66 72 65 65 28 62 6C 6F 63 6B 29 20 26 26 20 22 62 6C 6F 63 6B 20 61 6C 72 65 61 64 79 20 6D 61 72 6B 65 64 20 61 73 20 66 72 65 65 22 00 70 72 65 76 20 26 26 20 22 70 72 65 76 20 70 68 79 73 69 63 61 6C 20 62 6C 6F 63 6B 20 63 61 6E 27 74 20 62 65 20 6E 75 6C 6C 22 00 62 6C 6F 63 6B 5F 69 73 5F 66 72 65 65 28 70 72 65 76 29 20 26 26 20 22 70 72 65 76 20 62 6C 6F 63 6B 20 69 
[0;31mE (27771) OTA: Data in hexadecimal 6272 bytes / 49 MAXFILESIZE: 568320     [0m
73 20 6E 6F 74 20 66 72 65 65 20 74 68 6F 75 67 68 20 6D 61 72 6B 65 64 20 61 73 20 73 75 63 68 22 00 00 00 21 62 6C 6F 63 6B 5F 69 73 5F 6C 61 73 74 28 70 72 65 76 29 20 26 26 20 22 70 72 65 76 69 6F 75 73 20 62 6C 6F 63 6B 20 63 61 6E 27 74 20 62 65 20 6C 61 73 74 22 00 00 6E 65 78 74 20 26 26 20 22 6E 65 78 74 20 70 68 79 73 69 63 61 6C 20 62 6C 6F 63 6B 20 63 61 6E 27 74 20 62 
[0;31mE (27831) OTA: Data in hexadecimal 6400 bytes / 50 MAXFILESIZE: 568320     [0m
65 20 6E 75 6C 6C 22 00 21 62 6C 6F 63 6B 5F 69 73 5F 66 72 65 65 28 62 6C 6F 63 6B 29 20 26 26 20 22 62 6C 6F 63 6B 20 6D 75 73 74 20 62 65 20 75 73 65 64 22 00 00 00 72 65 73 65 72 76 65 64 5B 69 5D 2E 73 74 61 72 74 20 3C 3D 20 72 65 73 65 72 76 65 64 5B 69 5D 2E 65 6E 64 00 00 00 00 2F 2F 49 44 46 2F 63 6F 6D 70 6F 6E 65 6E 74 73 2F 68 65 61 70 2F 70 6F 72 74 2F 6D 65 6D 6F 72 
[0;31mE (27891) OTA: Data in hexadecimal 6528 bytes / 51 MAXFILESIZE: 568320     [0m
79 5F 6C 61 79 6F 75 74 5F 75 74 69 6C 73 2E 63 00 00 00 00 72 65 73 65 72 76 65 64 5B 69 20 2B 20 31 5D 2E 73 74 61 72 74 20 3E 20 72 65 73 65 72 76 65 64 5B 69 5D 2E 73 74 61 72 74 00 00 00 6D 65 6D 6F 72 79 5F 6C 61 79 6F 75 74 00 00 00 1B 5B 30 3B 33 31 6D 45 20 28 25 6C 75 29 20 25 73 3A 20 53 4F 43 5F 52 45 53 45 52 56 45 5F 4D 45 4D 4F 52 59 5F 52 45 47 49 4F 4E 20 72 65 67 
[0;31mE (27951) OTA: Data in hexadecimal 6656 bytes / 52 MAXFILESIZE: 568320     [0m
69 6F 6E 20 72 61 6E 67 65 20 30 78 25 30 38 78 20 2D 20 30 78 25 30 38 78 20 6F 76 65 72 6C 61 70 73 20 77 69 74 68 20 30 78 25 30 38 78 20 2D 20 30 78 25 30 38 78 1B 5B 30 6D 0A 00 00 00 00 52 41 4D 00 52 65 74 65 6E 74 69 6F 6E 20 52 41 4D 00 00 00 52 54 43 52 41 4D 00 00 73 76 64 20 21 3D 20 4E 55 4C 4C 00 2F 2F 49 44 46 2F 63 6F 6D 70 6F 6E 65 6E 74 73 2F 65 73 70 5F 68 77 5F 
[0;31mE (28011) OTA: Data in hexadecimal 6784 bytes / 53 MAXFILESIZE: 568320     [0m
73 75 70 70 6F 72 74 2F 69 6E 74 72 5F 61 6C 6C 6F 63 2E 63 00 00 00 00 21 28 28 76 64 2D 3E 66 6C 61 67 73 20 26 20 56 45 43 44 45 53 43 5F 46 4C 5F 53 48 41 52 45 44 29 20 26 26 20 28 76 64 2D 3E 66 6C 61 67 73 20 26 20 56 45 43 44 45 53 43 5F 46 4C 5F 4E 4F 4E 53 48 41 52 45 44 29 29 00 00 00 00 69 6E 74 72 5F 61 6C 6C 6F 63 00 00 1B 5B 30 3B 33 31 6D 45 20 28 25 6C 75 29 20 25 
[0;31mE (28071) OTA: Data in hexadecimal 6912 bytes / 54 MAXFILESIZE: 568320     [0m
73 3A 20 4E 6F 20 66 72 65 65 20 69 6E 74 65 72 72 75 70 74 20 69 6E 70 75 74 73 20 66 6F 72 20 25 73 20 69 6E 74 65 72 72 75 70 74 20 28 66 6C 61 67 73 20 30 78 25 58 29 1B 5B 30 6D 0A 00 00 69 6E 74 72 5F 6E 75 6D 20 3E 3D 20 30 20 26 26 20 69 6E 74 72 5F 6E 75 6D 20 3C 20 53 4F 43 5F 43 50 55 5F 49 4E 54 52 5F 4E 55 4D 00 00 00 00 2F 2F 49 44 46 2F 63 6F 6D 70 6F 6E 65 6E 74 73 
[0;31mE (28131) OTA: Data in hexadecimal 7040 bytes / 55 MAXFILESIZE: 568320     [0m
2F 65 73 70 5F 68 77 5F 73 75 70 70 6F 72 74 2F 69 6E 63 6C 75 64 65 2F 65 73 70 5F 63 70 75 2E 68 00 00 00 73 76 64 00 70 65 72 69 70 68 20 3C 20 50 45 52 49 50 48 5F 4D 4F 44 55 4C 45 5F 4D 41 58 00 00 2F 2F 49 44 46 2F 63 6F 6D 70 6F 6E 65 6E 74 73 2F 65 73 70 5F 68 77 5F 73 75 70 70 6F 72 74 2F 70 65 72 69 70 68 5F 63 74 72 6C 2E 63 00 00 00 67 70 69 6F 5F 6E 75 6D 20 3C 3D 20 
[0;31mE (28191) OTA: Data in hexadecimal 7168 bytes / 56 MAXFILESIZE: 568320     [0m
47 50 49 4F 5F 4E 55 4D 5F 35 20 26 26 20 22 67 70 69 6F 20 6C 61 72 67 65 72 20 74 68 61 6E 20 35 20 64 6F 65 73 20 6E 6F 74 20 73 75 70 70 6F 72 74 20 64 65 65 70 20 73 6C 65 65 70 20 77 61 6B 65 2D 75 70 20 66 75 6E 63 74 69 6F 6E 22 00 2F 49 44 46 2F 63 6F 6D 70 6F 6E 65 6E 74 73 2F 68 61 6C 2F 65 73 70 33 32 63 33 2F 69 6E 63 6C 75 64 65 2F 68 61 6C 2F 67 70 69 6F 5F 6C 6C 2E 
[0;31mE (28271) OTA: Data in hexadecimal 7296 bytes / 57 MAXFILESIZE: 568320     [0m
68 00 00 00 73 6C 65 65 70 00 00 00 1B 5B 30 3B 33 32 6D 49 20 28 25 6C 75 29 20 25 73 3A 20 43 6F 6E 66 69 67 75 72 65 20 74 6F 20 69 73 6F 6C 61 74 65 20 61 6C 6C 20 47 50 49 4F 20 70 69 6E 73 20 69 6E 20 73 6C 65 65 70 20 73 74 61 74 65 1B 5B 30 6D 0A 00 00 00 45 6E 61 62 6C 65 00 00 44 69 73 61 62 6C 65 00 1B 5B 30 3B 33 32 6D 49 20 28 25 6C 75 29 20 25 73 3A 20 25 73 20 61 75 
[0;31mE (28331) OTA: Data in hexadecimal 7424 bytes / 58 MAXFILESIZE: 568320     [0m
74 6F 6D 61 74 69 63 20 73 77 69 74 63 68 69 6E 67 20 6F 66 20 47 50 49 4F 20 73 6C 65 65 70 20 63 6F 6E 66 69 67 75 72 61 74 69 6F 6E 1B 5B 30 6D 0A 00 00 65 73 70 5F 70 74 72 5F 69 6E 74 65 72 6E 61 6C 28 26 67 70 69 6F 5F 68 61 6C 29 20 26 26 20 22 49 66 20 68 6F 6C 64 20 64 69 67 69 74 61 6C 20 49 4F 2C 20 74 68 65 20 73 74 61 63 6B 20 6F 66 20 74 68 65 20 74 61 73 6B 20 63 61 
[0;31mE (28391) OTA: Data in hexadecimal 7552 bytes / 59 MAXFILESIZE: 568320     [0m
6C 6C 69 6E 67 20 65 73 70 5F 64 65 65 70 5F 73 6C 65 65 70 5F 73 74 61 72 74 20 6D 75 73 74 20 62 65 20 69 6E 20 69 6E 74 65 72 6E 61 6C 20 72 61 6D 21 22 00 00 00 00 2F 2F 49 44 46 2F 63 6F 6D 70 6F 6E 65 6E 74 73 2F 65 73 70 5F 68 77 5F 73 75 70 70 6F 72 74 2F 73 6C 65 65 70 5F 67 70 69 6F 2E 63 00 00 00 00 1B 5B 30 3B 33 31 6D 45 20 28 25 6C 75 29 20 25 73 3A 20 52 45 47 49 32 
[0;31mE (28451) OTA: Data in hexadecimal 7680 bytes / 60 MAXFILESIZE: 568320     [0m
43 5F 53 41 52 41 44 43 20 69 73 20 61 6C 72 65 61 64 79 20 64 69 73 61 62 6C 65 64 1B 5B 30 6D 0A 00 00 00 52 45 47 49 32 43 00 00 63 61 6C 69 62 5F 76 65 72 73 69 6F 6E 20 3D 3D 20 31 00 00 2F 2F 49 44 46 2F 63 6F 6D 70 6F 6E 65 6E 74 73 2F 65 73 70 5F 68 77 5F 73 75 70 70 6F 72 74 2F 70 6F 72 74 2F 65 73 70 33 32 63 33 2F 72 74 63 5F 69 6E 69 74 2E 63 00 63 68 69 70 5F 76 65 72 
[0;31mE (28511) OTA: Data in hexadecimal 7808 bytes / 61 MAXFILESIZE: 568320     [0m
73 69 6F 6E 20 3E 3D 20 33 00 00 00 72 74 63 5F 69 6E 69 74 00 00 00 00 1B 5B 30 3B 33 33 6D 57 20 28 25 6C 75 29 20 25 73 3A 20 6F 5F 63 6F 64 65 20 63 61 6C 69 62 72 61 74 69 6F 6E 20 66 61 69 6C 0A 1B 5B 30 6D 0A 00 00 00 00 73 6C 65 65 70 5F 66 6C 61 67 73 20 26 20 52 54 43 5F 53 4C 45 45 50 5F 50 44 5F 58 54 41 4C 00 2F 2F 49 44 46 2F 63 6F 6D 70 6F 6E 65 6E 74 73 2F 65 73 70 
[0;31mE (28571) OTA: Data in hexadecimal 7936 bytes / 62 MAXFILESIZE: 568320     [0m
5F 68 77 5F 73 75 70 70 6F 72 74 2F 70 6F 72 74 2F 65 73 70 33 32 63 33 2F 72 74 63 5F 73 6C 65 65 70 2E 63 00 00 00 00 21 63 66 67 2E 70 64 5F 63 75 72 5F 73 6C 70 20 7C 7C 20 63 66 67 2E 62 69 61 73 5F 73 6C 65 65 70 5F 73 6C 70 00 00 00 73 6C 6F 77 63 6C 6B 5F 63 79 63 6C 65 73 00 00 2F 2F 49 44 46 2F 63 6F 6D 70 6F 6E 65 6E 74 73 2F 65 73 70 5F 68 77 5F 73 75 70 70 6F 72 74 2F 
[0;32mI (28611) ESP32 dev: Main loop running, feeding the watchdog...[0m
[0;31mE (28641) OTA: Data in hexadecimal 8064 bytes / 63 MAXFILESIZE: 568320     [0m
70 6F 72 74 2F 65 73 70 33 32 63 33 2F 72 74 63 5F 74 69 6D 65 2E 63 00 70 65 72 69 6F 64 00 00 73 61 72 5F 70 65 72 69 70 68 5F 63 74 72 6C 00 1B 5B 30 3B 33 31 6D 45 20 28 25 6C 75 29 20 25 73 3A 20 25 73 20 63 61 6C 6C 65 64 2C 20 62 75 74 20 73 5F 73 61 72 61 64 63 5F 70 6F 77 65 72 5F 6F 6E 5F 63 6E 74 20 3D 3D 20 30 1B 5B 30 6D 0A 00 00 00 1B 5B 30 3B 33 31 6D 45 20 28 25 6C 
[0;31mE (28701) OTA: Data in hexadecimal 8192 bytes / 64 MAXFILESIZE: 568320     [0m
75 29 20 25 73 3A 20 25 73 20 63 61 6C 6C 65 64 2C 20 62 75 74 20 73 5F 70 77 64 65 74 5F 70 6F 77 65 72 5F 6F 6E 5F 63 6E 74 20 3D 3D 20 30 1B 5B 30 6D 0A 00 00 00 00 52 45 41 44 00 00 00 00 57 52 49 54 45 00 00 00 45 58 45 43 00 00 00 00 50 4D 53 5F 57 4F 52 4C 44 5F 4E 4F 4E 45 00 00 50 4D 53 5F 57 4F 52 4C 44 5F 30 00 50 4D 53 5F 57 4F 52 4C 44 5F 31 00 50 4D 53 5F 57 4F 52 4C 
[0;31mE (28761) OTA: Data in hexadecimal 8320 bytes / 65 MAXFILESIZE: 568320     [0m
44 5F 32 00 50 4D 53 5F 57 4F 52 4C 44 5F 41 4C 4C 00 00 00 50 4D 53 5F 57 4F 52 4C 44 5F 49 4E 56 41 4C 49 44 00 00 00 6D 61 69 6E 5F 74 61 73 6B 00 00 00 1B 5B 30 3B 33 32 6D 49 20 28 25 6C 75 29 20 25 73 3A 20 53 74 61 72 74 65 64 20 6F 6E 20 43 50 55 25 64 1B 5B 30 6D 0A 00 00 00 00 65 73 70 5F 74 61 73 6B 5F 77 64 74 5F 69 6E 69 74 28 26 74 77 64 74 5F 63 6F 6E 66 69 67 29 00 
[0;31mE (28821) OTA: Data in hexadecimal 8448 bytes / 66 MAXFILESIZE: 568320     [0m
2F 49 44 46 2F 63 6F 6D 70 6F 6E 65 6E 74 73 2F 66 72 65 65 72 74 6F 73 2F 61 70 70 5F 73 74 61 72 74 75 70 2E 63 00 00 1B 5B 30 3B 33 32 6D 49 20 28 25 6C 75 29 20 25 73 3A 20 43 61 6C 6C 69 6E 67 20 61 70 70 5F 6D 61 69 6E 28 29 1B 5B 30 6D 0A 00 00 1B 5B 30 3B 33 32 6D 49 20 28 25 6C 75 29 20 25 73 3A 20 52 65 74 75 72 6E 65 64 20 66 72 6F 6D 20 61 70 70 5F 6D 61 69 6E 28 29 1B 
[0;31mE (28881) OTA: Data in hexadecimal 8576 bytes / 67 MAXFILESIZE: 568320     [0m
5B 30 6D 0A 00 00 00 00 6D 61 69 6E 00 00 00 00 72 65 73 20 3D 3D 20 70 64 54 52 55 45 00 00 00 2F 2F 49 44 46 2F 63 6F 6D 70 6F 6E 65 6E 74 73 2F 66 72 65 65 72 74 6F 73 2F 61 70 70 5F 73 74 61 72 74 75 70 2E 63 00 70 78 51 75 65 75 65 53 65 74 43 6F 6E 74 61 69 6E 65 72 00 2F 2F 49 44 46 2F 63 6F 6D 70 6F 6E 65 6E 74 73 2F 66 72 65 65 72 74 6F 73 2F 46 72 65 65 52 54 4F 53 2D 4B 
[0;31mE (28941) OTA: Data in hexadecimal 8704 bytes / 68 MAXFILESIZE: 568320     [0m
65 72 6E 65 6C 2F 71 75 65 75 65 2E 63 00 00 00 70 78 51 75 65 75 65 53 65 74 43 6F 6E 74 61 69 6E 65 72 2D 3E 75 78 4D 65 73 73 61 67 65 73 57 61 69 74 69 6E 67 20 3C 20 70 78 51 75 65 75 65 53 65 74 43 6F 6E 74 61 69 6E 65 72 2D 3E 75 78 4C 65 6E 67 74 68 00 00 28 20 63 54 78 4C 6F 63 6B 20 29 20 21 3D 20 28 20 28 20 69 6E 74 38 5F 74 20 29 20 31 32 37 20 29 00 00 00 70 78 51 75 
[0;31mE (29001) OTA: Data in hexadecimal 8832 bytes / 69 MAXFILESIZE: 568320     [0m
65 75 65 00 78 52 65 74 75 72 6E 20 21 3D 20 28 20 28 20 28 20 42 61 73 65 54 79 70 65 5F 74 20 29 20 30 20 29 20 29 00 70 78 53 74 61 74 69 63 51 75 65 75 65 00 00 00 78 53 69 7A 65 20 3D 3D 20 73 69 7A 65 6F 66 28 20 51 75 65 75 65 5F 74 20 29 00 00 70 78 4E 65 77 51 75 65 75 65 00 00 78 53 65 6D 61 70 68 6F 72 65 00 00 78 48 61 6E 64 6C 65 00 21 28 20 28 20 70 76 49 74 65 6D 54 
[0;31mE (29061) OTA: Data in hexadecimal 8960 bytes / 70 MAXFILESIZE: 568320     [0m
6F 51 75 65 75 65 20 3D 3D 20 28 28 76 6F 69 64 20 2A 29 30 29 20 29 20 26 26 20 28 20 70 78 51 75 65 75 65 2D 3E 75 78 49 74 65 6D 53 69 7A 65 20 21 3D 20 28 20 55 42 61 73 65 54 79 70 65 5F 74 20 29 20 30 55 20 29 20 29 00 00 21 28 20 28 20 78 43 6F 70 79 50 6F 73 69 74 69 6F 6E 20 3D 3D 20 28 20 28 20 42 61 73 65 54 79 70 65 5F 74 20 29 20 32 20 29 20 29 20 26 26 20 28 20 70 78 
[0;31mE (29121) OTA: Data in hexadecimal 9088 bytes / 71 MAXFILESIZE: 568320     [0m
51 75 65 75 65 2D 3E 75 78 4C 65 6E 67 74 68 20 21 3D 20 31 20 29 20 29 00 00 00 00 21 28 20 28 20 78 54 61 73 6B 47 65 74 53 63 68 65 64 75 6C 65 72 53 74 61 74 65 28 29 20 3D 3D 20 28 20 28 20 42 61 73 65 54 79 70 65 5F 74 20 29 20 30 20 29 20 29 20 26 26 20 28 20 78 54 69 63 6B 73 54 6F 57 61 69 74 20 21 3D 20 30 20 29 20 29 00 00 70 78 4D 75 74 65 78 00 70 78 51 75 65 75 65 2D 
[0;31mE (29181) OTA: Data in hexadecimal 9216 bytes / 72 MAXFILESIZE: 568320     [0m
3E 75 78 49 74 65 6D 53 69 7A 65 20 3D 3D 20 30 00 00 00 00 21 28 20 28 20 70 78 51 75 65 75 65 2D 3E 70 63 48 65 61 64 20 3D 3D 20 28 28 76 6F 69 64 20 2A 29 30 29 20 29 20 26 26 20 28 20 70 78 51 75 65 75 65 2D 3E 75 2E 78 53 65 6D 61 70 68 6F 72 65 2E 78 4D 75 74 65 78 48 6F 6C 64 65 72 20 21 3D 20 28 28 76 6F 69 64 20 2A 29 30 29 20 29 20 29 00 00 00 00 28 20 70 78 51 75 65 75 
[0;31mE (29241) OTA: Data in hexadecimal 9344 bytes / 73 MAXFILESIZE: 568320     [0m
65 20 29 00 21 28 20 28 20 28 20 70 76 42 75 66 66 65 72 20 29 20 3D 3D 20 28 28 76 6F 69 64 20 2A 29 30 29 20 29 20 26 26 20 28 20 28 20 70 78 51 75 65 75 65 20 29 2D 3E 75 78 49 74 65 6D 53 69 7A 65 20 21 3D 20 28 20 55 42 61 73 65 54 79 70 65 5F 74 20 29 20 30 55 20 29 20 29 00 00 00 21 28 20 28 20 70 76 42 75 66 66 65 72 20 3D 3D 20 28 28 76 6F 69 64 20 2A 29 30 29 20 29 20 26 
[0;31mE (29301) OTA: Data in hexadecimal 9472 bytes / 74 MAXFILESIZE: 568320     [0m
26 20 28 20 70 78 51 75 65 75 65 2D 3E 75 78 49 74 65 6D 53 69 7A 65 20 21 3D 20 28 20 55 42 61 73 65 54 79 70 65 5F 74 20 29 20 30 55 20 29 20 29 00 00 00 28 20 63 52 78 4C 6F 63 6B 20 29 20 21 3D 20 28 20 28 20 69 6E 74 38 5F 74 20 29 20 31 32 37 20 29 00 00 00 78 51 75 65 75 65 00 00 78 54 61 73 6B 00 00 00 2F 2F 49 44 46 2F 63 6F 6D 70 6F 6E 65 6E 74 73 2F 66 72 65 65 72 74 6F 
[0;31mE (29361) OTA: Data in hexadecimal 9600 bytes / 75 MAXFILESIZE: 568320     [0m
73 2F 46 72 65 65 52 54 4F 53 2D 4B 65 72 6E 65 6C 2F 74 61 73 6B 73 2E 63 00 00 00 70 78 54 43 42 2D 3E 75 63 53 74 61 74 69 63 61 6C 6C 79 41 6C 6C 6F 63 61 74 65 64 20 3D 3D 20 28 20 28 20 75 69 6E 74 38 5F 74 20 29 20 32 20 29 00 00 00 75 78 50 72 69 6F 72 69 74 79 20 3C 20 28 20 32 35 20 29 00 28 20 28 20 28 20 75 78 53 63 68 65 64 75 6C 65 72 53 75 73 70 65 6E 64 65 64 5B 20 
[0;31mE (29421) OTA: Data in hexadecimal 9728 bytes / 76 MAXFILESIZE: 568320     [0m
30 20 5D 20 21 3D 20 28 20 55 42 61 73 65 54 79 70 65 5F 74 20 29 20 30 55 20 29 20 29 20 3F 20 28 20 28 20 42 61 73 65 54 79 70 65 5F 74 20 29 20 31 20 29 20 3A 20 28 20 28 20 42 61 73 65 54 79 70 65 5F 74 20 29 20 30 20 29 20 29 20 3D 3D 20 28 20 28 20 42 61 73 65 54 79 70 65 5F 74 20 29 20 30 20 29 00 00 00 70 78 54 43 42 00 00 00 28 20 28 20 28 20 28 20 70 78 44 65 6C 61 79 65 
[0;31mE (29481) OTA: Data in hexadecimal 9856 bytes / 77 MAXFILESIZE: 568320     [0m
64 54 61 73 6B 4C 69 73 74 20 29 2D 3E 75 78 4E 75 6D 62 65 72 4F 66 49 74 65 6D 73 20 3D 3D 20 28 20 55 42 61 73 65 54 79 70 65 5F 74 20 29 20 30 20 29 20 3F 20 28 20 28 20 42 61 73 65 54 79 70 65 5F 74 20 29 20 31 20 29 20 3A 20 28 20 28 20 42 61 73 65 54 79 70 65 5F 74 20 29 20 30 20 29 20 29 20 29 00 00 00 28 20 28 20 28 20 75 78 53 63 68 65 64 75 6C 65 72 53 75 73 70 65 6E 64 
[0;31mE (29541) OTA: Data in hexadecimal 9984 bytes / 78 MAXFILESIZE: 568320     [0m
65 64 5B 20 30 20 5D 20 21 3D 20 28 20 55 42 61 73 65 54 79 70 65 5F 74 20 29 20 30 55 20 29 20 29 20 3F 20 28 20 28 20 42 61 73 65 54 79 70 65 5F 74 20 29 20 31 20 29 20 3A 20 28 20 28 20 42 61 73 65 54 79 70 65 5F 74 20 29 20 30 20 29 20 29 20 3D 3D 20 28 20 28 20 42 61 73 65 54 79 70 65 5F 74 20 29 20 31 20 29 00 00 00 28 20 28 20 26 28 20 70 78 52 65 61 64 79 54 61 73 6B 73 4C 
[0;31mE (29601) OTA: Data in hexadecimal 10112 bytes / 79 MAXFILESIZE: 568320     [0m
69 73 74 73 5B 20 75 78 54 6F 70 50 72 69 6F 72 69 74 79 20 5D 20 29 20 29 2D 3E 75 78 4E 75 6D 62 65 72 4F 66 49 74 65 6D 73 20 29 20 3E 20 30 00 00 00 00 70 78 45 76 65 6E 74 4C 69 73 74 00 70 78 55 6E 62 6C 6F 63 6B 65 64 54 43 42 00 00 70 78 54 69 6D 65 4F 75 74 00 00 00 70 78 54 69 63 6B 73 54 6F 57 61 69 74 00 00 00 70 78 54 43 42 20 3D 3D 20 70 78 43 75 72 72 65 6E 74 54 43 
[0;32mI (29641) ESP32 dev: Main loop running, feeding the watchdog...[0m
[0;31mE (29661) OTA: Data in hexadecimal 10240 bytes / 80 MAXFILESIZE: 568320     [0m
42 73 5B 20 30 20 5D 00 70 78 54 43 42 2D 3E 75 78 4D 75 74 65 78 65 73 48 65 6C 64 00 00 00 00 70 78 54 43 42 20 21 3D 20 70 78 43 75 72 72 65 6E 74 54 43 42 73 5B 20 30 20 5D 00 75 78 49 6E 64 65 78 54 6F 57 61 69 74 20 3C 20 31 00 00 00 75 78 49 6E 64 65 78 54 6F 4E 6F 74 69 66 79 20 3C 20 31 00 78 54 61 73 6B 54 6F 4E 6F 74 69 66 79 00 00 00 78 54 69 63 6B 43 6F 75 6E 74 20 3D 
[0;31mE (29721) OTA: Data in hexadecimal 10368 bytes / 81 MAXFILESIZE: 568320     [0m
3D 20 28 20 54 69 63 6B 54 79 70 65 5F 74 20 29 20 30 00 00 28 20 28 20 26 28 20 70 78 54 43 42 2D 3E 78 45 76 65 6E 74 4C 69 73 74 49 74 65 6D 20 29 20 29 2D 3E 70 78 43 6F 6E 74 61 69 6E 65 72 20 29 20 3D 3D 20 28 28 76 6F 69 64 20 2A 29 30 29 00 00 28 20 28 20 28 20 28 20 42 61 73 65 54 79 70 65 5F 74 20 29 20 78 43 6F 72 65 49 44 20 29 20 3E 3D 20 30 20 26 26 20 28 20 28 20 42 
[0;31mE (29781) OTA: Data in hexadecimal 10496 bytes / 82 MAXFILESIZE: 568320     [0m
61 73 65 54 79 70 65 5F 74 20 29 20 78 43 6F 72 65 49 44 20 29 20 3C 20 31 20 29 20 3F 20 28 20 28 20 42 61 73 65 54 79 70 65 5F 74 20 29 20 31 20 29 20 3A 20 28 20 28 20 42 61 73 65 54 79 70 65 5F 74 20 29 20 30 20 29 20 29 20 3D 3D 20 28 20 28 20 42 61 73 65 54 79 70 65 5F 74 20 29 20 31 20 29 20 7C 7C 20 78 43 6F 72 65 49 44 20 3D 3D 20 28 20 28 20 42 61 73 65 54 79 70 65 5F 74 
[0;31mE (29861) OTA: Data in hexadecimal 10624 bytes / 83 MAXFILESIZE: 568320     [0m
20 29 20 30 78 37 46 46 46 46 46 46 46 20 29 00 2F 2F 49 44 46 2F 63 6F 6D 70 6F 6E 65 6E 74 73 2F 66 72 65 65 72 74 6F 73 2F 65 73 70 5F 61 64 64 69 74 69 6F 6E 73 2F 66 72 65 65 72 74 6F 73 5F 74 61 73 6B 73 5F 63 5F 61 64 64 69 74 69 6F 6E 73 2E 68 00 00 00 00 78 50 6F 72 74 63 68 65 63 6B 56 61 6C 69 64 53 74 61 63 6B 4D 65 6D 28 70 75 78 53 74 61 63 6B 42 75 66 66 65 72 29 00 
[0;31mE (29921) OTA: Data in hexadecimal 10752 bytes / 84 MAXFILESIZE: 568320     [0m
78 50 6F 72 74 43 68 65 63 6B 56 61 6C 69 64 54 43 42 4D 65 6D 28 70 78 54 61 73 6B 42 75 66 66 65 72 29 00 78 53 69 7A 65 20 3D 3D 20 73 69 7A 65 6F 66 28 20 54 43 42 5F 74 20 29 00 00 00 00 49 44 4C 45 00 00 00 00 78 52 65 74 75 72 6E 20 21 3D 20 28 20 2D 31 20 29 00 00 00 28 20 28 20 28 20 28 20 42 61 73 65 54 79 70 65 5F 74 20 29 20 78 43 6F 72 65 49 44 20 29 20 3E 3D 20 30 20 
[0;31mE (29981) OTA: Data in hexadecimal 10880 bytes / 85 MAXFILESIZE: 568320     [0m
26 26 20 28 20 28 20 42 61 73 65 54 79 70 65 5F 74 20 29 20 78 43 6F 72 65 49 44 20 29 20 3C 20 31 20 29 20 3F 20 28 20 28 20 42 61 73 65 54 79 70 65 5F 74 20 29 20 31 20 29 20 3A 20 28 20 28 20 42 61 73 65 54 79 70 65 5F 74 20 29 20 30 20 29 20 29 20 3D 3D 20 28 20 28 20 42 61 73 65 54 79 70 65 5F 74 20 29 20 31 20 29 00 28 20 78 49 64 6C 65 54 61 73 6B 48 61 6E 64 6C 65 5B 20 78 
[0;31mE (30041) OTA: Data in hexadecimal 11008 bytes / 86 MAXFILESIZE: 568320     [0m
43 6F 72 65 49 44 20 5D 20 21 3D 20 28 28 76 6F 69 64 20 2A 29 30 29 20 29 00 00 00 22 20 73 68 6F 75 6C 64 20 6E 6F 74 20 72 65 74 75 72 6E 2C 20 41 62 6F 72 74 69 6E 67 20 6E 6F 77 21 00 00 46 72 65 65 52 54 4F 53 00 00 00 00 1B 5B 30 3B 33 31 6D 45 20 28 25 6C 75 29 20 25 73 3A 20 46 61 74 61 6C 20 65 72 72 6F 72 3A 20 54 4C 53 50 20 64 65 6C 65 74 69 6F 6E 20 63 61 6C 6C 62 61 
[0;31mE (30101) OTA: Data in hexadecimal 11136 bytes / 87 MAXFILESIZE: 568320     [0m
63 6B 20 61 74 20 69 6E 64 65 78 20 25 64 20 6F 76 65 72 77 72 69 74 74 65 6E 20 77 69 74 68 20 6E 6F 6E 2D 65 78 63 75 74 61 62 6C 65 20 70 6F 69 6E 74 65 72 20 25 70 1B 5B 30 6D 0A 00 00 00 28 75 78 53 74 61 63 6B 50 6F 69 6E 74 65 72 20 26 20 28 20 30 78 30 30 30 66 20 29 29 20 3D 3D 20 30 00 00 2F 2F 49 44 46 2F 63 6F 6D 70 6F 6E 65 6E 74 73 2F 66 72 65 65 72 74 6F 73 2F 46 72 
[0;31mE (30161) OTA: Data in hexadecimal 11264 bytes / 88 MAXFILESIZE: 568320     [0m
65 65 52 54 4F 53 2D 4B 65 72 6E 65 6C 2F 70 6F 72 74 61 62 6C 65 2F 72 69 73 63 76 2F 70 6F 72 74 2E 63 00 2A 2A 2A 45 52 52 4F 52 2A 2A 2A 20 41 20 73 74 61 63 6B 20 6F 76 65 72 66 6C 6F 77 20 69 6E 20 74 61 73 6B 20 00 00 00 20 68 61 73 20 62 65 65 6E 20 64 65 74 65 63 74 65 64 2E 00 70 78 54 43 42 42 75 66 66 65 72 54 65 6D 70 20 21 3D 20 4E 55 4C 4C 00 2F 2F 49 44 46 2F 63 6F 
[0;31mE (30221) OTA: Data in hexadecimal 11392 bytes / 89 MAXFILESIZE: 568320     [0m
6D 70 6F 6E 65 6E 74 73 2F 66 72 65 65 72 74 6F 73 2F 70 6F 72 74 5F 63 6F 6D 6D 6F 6E 2E 63 00 70 78 53 74 61 63 6B 42 75 66 66 65 72 54 65 6D 70 20 21 3D 20 4E 55 4C 4C 00 00 00 65 73 70 5F 69 6E 74 72 5F 61 6C 6C 6F 63 28 45 54 53 5F 53 59 53 54 49 4D 45 52 5F 54 41 52 47 45 54 30 5F 49 4E 54 52 5F 53 4F 55 52 43 45 20 2B 20 63 70 75 69 64 2C 20 45 53 50 5F 49 4E 54 52 5F 46 4C 
[0;31mE (30281) OTA: Data in hexadecimal 11520 bytes / 90 MAXFILESIZE: 568320     [0m
41 47 5F 49 52 41 4D 20 7C 20 6C 65 76 65 6C 2C 20 53 79 73 54 69 63 6B 49 73 72 48 61 6E 64 6C 65 72 2C 20 26 73 79 73 74 69 6D 65 72 5F 68 61 6C 2C 20 4E 55 4C 4C 29 00 00 00 00 2F 49 44 46 2F 63 6F 6D 70 6F 6E 65 6E 74 73 2F 66 72 65 65 72 74 6F 73 2F 70 6F 72 74 5F 73 79 73 74 69 63 6B 2E 63 00 6C 6F 63 6B 20 21 3D 20 4E 55 4C 4C 20 26 26 20 22 55 6E 69 6E 69 74 69 61 6C 69 7A 
[0;31mE (30341) OTA: Data in hexadecimal 11648 bytes / 91 MAXFILESIZE: 568320     [0m
65 64 20 6C 6F 63 6B 20 75 73 65 64 22 00 00 00 2F 2F 49 44 46 2F 63 6F 6D 70 6F 6E 65 6E 74 73 2F 6E 65 77 6C 69 62 2F 6C 6F 63 6B 73 2E 63 00 68 20 21 3D 20 28 28 76 6F 69 64 20 2A 29 30 29 00 00 00 00 78 51 75 65 75 65 47 65 74 4D 75 74 65 78 48 6F 6C 64 65 72 28 20 28 20 68 20 29 20 29 20 3D 3D 20 28 28 76 6F 69 64 20 2A 29 30 29 00 00 00 00 68 61 6E 64 6C 65 20 3D 3D 20 28 53 
[0;31mE (30401) OTA: Data in hexadecimal 11776 bytes / 92 MAXFILESIZE: 568320     [0m
65 6D 61 70 68 6F 72 65 48 61 6E 64 6C 65 5F 74 29 20 26 73 5F 63 6F 6D 6D 6F 6E 5F 6D 75 74 65 78 00 00 00 68 61 6E 64 6C 65 20 3D 3D 20 28 53 65 6D 61 70 68 6F 72 65 48 61 6E 64 6C 65 5F 74 29 20 26 73 5F 63 6F 6D 6D 6F 6E 5F 72 65 63 75 72 73 69 76 65 5F 6D 75 74 65 78 00 77 00 00 00 72 65 73 75 6C 74 00 00 76 6F 69 64 20 77 61 69 74 5F 66 6F 72 5F 67 75 61 72 64 5F 6F 62 6A 28 
[0;31mE (30461) OTA: Data in hexadecimal 11904 bytes / 93 MAXFILESIZE: 568320     [0m
67 75 61 72 64 5F 74 2A 29 00 00 00 2F 2F 49 44 46 2F 63 6F 6D 70 6F 6E 65 6E 74 73 2F 63 78 78 2F 63 78 78 5F 67 75 61 72 64 73 2E 63 70 70 00 69 6E 74 20 5F 5F 63 78 61 5F 67 75 61 72 64 5F 61 63 71 75 69 72 65 28 5F 5F 63 78 78 61 62 69 76 31 3A 3A 5F 5F 67 75 61 72 64 2A 29 00 00 00 76 6F 69 64 20 5F 5F 63 78 61 5F 67 75 61 72 64 5F 72 65 6C 65 61 73 65 28 5F 5F 63 78 78 61 62 
[0;31mE (30521) OTA: Data in hexadecimal 12032 bytes / 94 MAXFILESIZE: 568320     [0m
69 76 31 3A 3A 5F 5F 67 75 61 72 64 2A 29 00 00 67 2D 3E 70 65 6E 64 69 6E 67 20 26 26 20 22 74 72 69 65 64 20 74 6F 20 72 65 6C 65 61 73 65 20 61 20 67 75 61 72 64 20 77 68 69 63 68 20 77 61 73 6E 27 74 20 61 63 71 75 69 72 65 64 22 00 00 76 6F 69 64 20 5F 5F 63 78 61 5F 67 75 61 72 64 5F 61 62 6F 72 74 28 5F 5F 63 78 78 61 62 69 76 31 3A 3A 5F 5F 67 75 61 72 64 2A 29 00 00 00 00 
[0;31mE (30581) OTA: Data in hexadecimal 12160 bytes / 95 MAXFILESIZE: 568320     [0m
21 67 2D 3E 72 65 61 64 79 20 26 26 20 22 74 72 69 65 64 20 74 6F 20 61 62 6F 72 74 20 61 20 67 75 61 72 64 20 77 68 69 63 68 20 69 73 20 72 65 61 64 79 22 00 00 00 00 67 2D 3E 70 65 6E 64 69 6E 67 20 26 26 20 22 74 72 69 65 64 20 74 6F 20 72 65 6C 65 61 73 65 20 61 20 67 75 61 72 64 20 77 68 69 63 68 20 69 73 20 6E 6F 74 20 61 63 71 75 69 72 65 64 22 00 00 45 53 50 5F 46 41 49 4C 
[0;32mI (30641) ESP32 dev: Main loop running, feeding the watchdog...[0m
[0;31mE (30641) OTA: Data in hexadecimal 12288 bytes / 96 MAXFILESIZE: 568320     [0m
00 00 00 00 45 53 50 5F 4F 4B 00 00 45 53 50 5F 45 52 52 5F 4E 4F 5F 4D 45 4D 00 00 45 53 50 5F 45 52 52 5F 49 4E 56 41 4C 49 44 5F 41 52 47 00 45 53 50 5F 45 52 52 5F 49 4E 56 41 4C 49 44 5F 53 54 41 54 45 00 00 00 45 53 50 5F 45 52 52 5F 49 4E 56 41 4C 49 44 5F 53 49 5A 45 00 00 00 00 45 53 50 5F 45 52 52 5F 4E 4F 54 5F 46 4F 55 4E 44 00 00 00 45 53 50 5F 45 52 52 5F 4E 4F 54 5F 
[0;31mE (30701) OTA: Data in hexadecimal 12416 bytes / 97 MAXFILESIZE: 568320     [0m
53 55 50 50 4F 52 54 45 44 00 00 00 45 53 50 5F 45 52 52 5F 54 49 4D 45 4F 55 54 00 45 53 50 5F 45 52 52 5F 49 4E 56 41 4C 49 44 5F 52 45 53 50 4F 4E 53 45 00 00 00 00 45 53 50 5F 45 52 52 5F 49 4E 56 41 4C 49 44 5F 43 52 43 00 45 53 50 5F 45 52 52 5F 49 4E 56 41 4C 49 44 5F 56 45 52 53 49 4F 4E 00 45 53 50 5F 45 52 52 5F 49 4E 56 41 4C 49 44 5F 4D 41 43 00 45 53 50 5F 45 52 52 5F 
[0;31mE (30761) OTA: Data in hexadecimal 12544 bytes / 98 MAXFILESIZE: 568320     [0m
4E 4F 54 5F 46 49 4E 49 53 48 45 44 00 00 00 00 45 53 50 5F 45 52 52 5F 4E 4F 54 5F 41 4C 4C 4F 57 45 44 00 45 53 50 5F 45 52 52 5F 4E 56 53 5F 42 41 53 45 00 00 00 00 45 53 50 5F 45 52 52 5F 4E 56 53 5F 4E 4F 54 5F 49 4E 49 54 49 41 4C 49 5A 45 44 00 45 53 50 5F 45 52 52 5F 4E 56 53 5F 4E 4F 54 5F 46 4F 55 4E 44 00 00 00 45 53 50 5F 45 52 52 5F 4E 56 53 5F 54 59 50 45 5F 4D 49 53 
[0;31mE (30821) OTA: Data in hexadecimal 12672 bytes / 99 MAXFILESIZE: 568320     [0m
4D 41 54 43 48 00 00 00 45 53 50 5F 45 52 52 5F 4E 56 53 5F 52 45 41 44 5F 4F 4E 4C 59 00 00 00 45 53 50 5F 45 52 52 5F 4E 56 53 5F 4E 4F 54 5F 45 4E 4F 55 47 48 5F 53 50 41 43 45 00 00 00 00 45 53 50 5F 45 52 52 5F 4E 56 53 5F 49 4E 56 41 4C 49 44 5F 4E 41 4D 45 00 00 00 00 45 53 50 5F 45 52 52 5F 4E 56 53 5F 49 4E 56 41 4C 49 44 5F 48 41 4E 44 4C 45 00 00 45 53 50 5F 45 52 52 5F 
[0;31mE (30881) OTA: Data in hexadecimal 12800 bytes / 100 MAXFILESIZE: 568320     [0m
4E 56 53 5F 52 45 4D 4F 56 45 5F 46 41 49 4C 45 44 00 00 00 45 53 50 5F 45 52 52 5F 4E 56 53 5F 4B 45 59 5F 54 4F 4F 5F 4C 4F 4E 47 00 00 00 00 45 53 50 5F 45 52 52 5F 4E 56 53 5F 50 41 47 45 5F 46 55 4C 4C 00 00 00 45 53 50 5F 45 52 52 5F 4E 56 53 5F 49 4E 56 41 4C 49 44 5F 53 54 41 54 45 00 00 00 45 53 50 5F 45 52 52 5F 4E 56 53 5F 49 4E 56 41 4C 49 44 5F 4C 45 4E 47 54 48 00 00 
[0;31mE (30941) OTA: Data in hexadecimal 12928 bytes / 101 MAXFILESIZE: 568320     [0m
45 53 50 5F 45 52 52 5F 4E 56 53 5F 4E 4F 5F 46 52 45 45 5F 50 41 47 45 53 00 00 00 45 53 50 5F 45 52 52 5F 4E 56 53 5F 56 41 4C 55 45 5F 54 4F 4F 5F 4C 4F 4E 47 00 00 45 53 50 5F 45 52 52 5F 4E 56 53 5F 50 41 52 54 5F 4E 4F 54 5F 46 4F 55 4E 44 00 00 45 53 50 5F 45 52 52 5F 4E 56 53 5F 4E 45 57 5F 56 45 52 53 49 4F 4E 5F 46 4F 55 4E 44 00 00 00 45 53 50 5F 45 52 52 5F 4E 56 53 5F 
[0;31mE (31001) OTA: Data in hexadecimal 13056 bytes / 102 MAXFILESIZE: 568320     [0m
58 54 53 5F 45 4E 43 52 5F 46 41 49 4C 45 44 00 45 53 50 5F 45 52 52 5F 4E 56 53 5F 58 54 53 5F 44 45 43 52 5F 46 41 49 4C 45 44 00 45 53 50 5F 45 52 52 5F 4E 56 53 5F 58 54 53 5F 43 46 47 5F 46 41 49 4C 45 44 00 00 45 53 50 5F 45 52 52 5F 4E 56 53 5F 58 54 53 5F 43 46 47 5F 4E 4F 54 5F 46 4F 55 4E 44 00 00 00 45 53 50 5F 45 52 52 5F 4E 56 53 5F 45 4E 43 52 5F 4E 4F 54 5F 53 55 50 
[0;31mE (31061) OTA: Data in hexadecimal 13184 bytes / 103 MAXFILESIZE: 568320     [0m
50 4F 52 54 45 44 00 00 45 53 50 5F 45 52 52 5F 4E 56 53 5F 4B 45 59 53 5F 4E 4F 54 5F 49 4E 49 54 49 41 4C 49 5A 45 44 00 00 00 00 45 53 50 5F 45 52 52 5F 4E 56 53 5F 43 4F 52 52 55 50 54 5F 4B 45 59 5F 50 41 52 54 00 00 00 00 45 53 50 5F 45 52 52 5F 4E 56 53 5F 43 4F 4E 54 45 4E 54 5F 44 49 46 46 45 52 53 00 45 53 50 5F 45 52 52 5F 4E 56 53 5F 57 52 4F 4E 47 5F 45 4E 43 52 59 50 
[0;31mE (31121) OTA: Data in hexadecimal 13312 bytes / 104 MAXFILESIZE: 568320     [0m
54 49 4F 4E 00 00 00 00 45 53 50 5F 45 52 52 5F 4F 54 41 5F 42 41 53 45 00 00 00 00 45 53 50 5F 45 52 52 5F 4F 54 41 5F 50 41 52 54 49 54 49 4F 4E 5F 43 4F 4E 46 4C 49 43 54 00 00 45 53 50 5F 45 52 52 5F 4F 54 41 5F 53 45 4C 45 43 54 5F 49 4E 46 4F 5F 49 4E 56 41 4C 49 44 00 45 53 50 5F 45 52 52 5F 4F 54 41 5F 56 41 4C 49 44 41 54 45 5F 46 41 49 4C 45 44 00 45 53 50 5F 45 52 52 5F 
[0;31mE (31181) OTA: Data in hexadecimal 13440 bytes / 105 MAXFILESIZE: 568320     [0m
4F 54 41 5F 53 4D 41 4C 4C 5F 53 45 43 5F 56 45 52 00 00 00 45 53 50 5F 45 52 52 5F 4F 54 41 5F 52 4F 4C 4C 42 41 43 4B 5F 46 41 49 4C 45 44 00 45 53 50 5F 45 52 52 5F 4F 54 41 5F 52 4F 4C 4C 42 41 43 4B 5F 49 4E 56 41 4C 49 44 5F 53 54 41 54 45 00 00 45 53 50 5F 45 52 52 5F 45 46 55 53 45 00 00 00 45 53 50 5F 4F 4B 5F 45 46 55 53 45 5F 43 4E 54 00 00 00 00 45 53 50 5F 45 52 52 5F 
[0;31mE (31241) OTA: Data in hexadecimal 13568 bytes / 106 MAXFILESIZE: 568320     [0m
45 46 55 53 45 5F 43 4E 54 5F 49 53 5F 46 55 4C 4C 00 00 00 45 53 50 5F 45 52 52 5F 45 46 55 53 45 5F 52 45 50 45 41 54 45 44 5F 50 52 4F 47 00 45 53 50 5F 45 52 52 5F 43 4F 44 49 4E 47 00 00 45 53 50 5F 45 52 52 5F 4E 4F 54 5F 45 4E 4F 55 47 48 5F 55 4E 55 53 45 44 5F 4B 45 59 5F 42 4C 4F 43 4B 53 00 00 00 00 45 53 50 5F 45 52 52 5F 44 41 4D 41 47 45 44 5F 52 45 41 44 49 4E 47 00 
[0;31mE (31301) OTA: Data in hexadecimal 13696 bytes / 107 MAXFILESIZE: 568320     [0m
45 53 50 5F 45 52 52 5F 49 4D 41 47 45 5F 42 41 53 45 00 00 45 53 50 5F 45 52 52 5F 49 4D 41 47 45 5F 46 4C 41 53 48 5F 46 41 49 4C 00 00 00 00 45 53 50 5F 45 52 52 5F 49 4D 41 47 45 5F 49 4E 56 41 4C 49 44 00 00 00 45 53 50 5F 45 52 52 5F 57 49 46 49 5F 42 41 53 45 00 00 00 45 53 50 5F 45 52 52 5F 57 49 46 49 5F 4E 4F 54 5F 49 4E 49 54 00 00 00 45 53 50 5F 45 52 52 5F 57 49 46 49 
[0;31mE (31361) OTA: Data in hexadecimal 13824 bytes / 108 MAXFILESIZE: 568320     [0m
5F 4E 4F 54 5F 53 54 41 52 54 45 44 00 00 00 00 45 53 50 5F 45 52 52 5F 57 49 46 49 5F 4E 4F 54 5F 53 54 4F 50 50 45 44 00 00 00 00 45 53 50 5F 45 52 52 5F 57 49 46 49 5F 49 46 00 45 53 50 5F 45 52 52 5F 57 49 46 49 5F 4D 4F 44 45 00 00 00 45 53 50 5F 45 52 52 5F 57 49 46 49 5F 53 54 41 54 45 00 00 45 53 50 5F 45 52 52 5F 57 49 46 49 5F 43 4F 4E 4E 00 00 00 45 53 50 5F 45 52 52 5F 
[0;31mE (31421) OTA: Data in hexadecimal 13952 bytes / 109 MAXFILESIZE: 568320     [0m
57 49 46 49 5F 4E 56 53 00 00 00 00 45 53 50 5F 45 52 52 5F 57 49 46 49 5F 4D 41 43 00 00 00 00 45 53 50 5F 45 52 52 5F 57 49 46 49 5F 53 53 49 44 00 00 00 45 53 50 5F 45 52 52 5F 57 49 46 49 5F 50 41 53 53 57 4F 52 44 00 00 00 45 53 50 5F 45 52 52 5F 57 49 46 49 5F 54 49 4D 45 4F 55 54 00 00 00 00 45 53 50 5F 45 52 52 5F 57 49 46 49 5F 57 41 4B 45 5F 46 41 49 4C 00 00 45 53 50 5F 
[0;31mE (31481) OTA: Data in hexadecimal 14080 bytes / 110 MAXFILESIZE: 568320     [0m
45 52 52 5F 57 49 46 49 5F 57 4F 55 4C 44 5F 42 4C 4F 43 4B 00 00 00 00 45 53 50 5F 45 52 52 5F 57 49 46 49 5F 4E 4F 54 5F 43 4F 4E 4E 45 43 54 00 00 00 00 45 53 50 5F 45 52 52 5F 57 49 46 49 5F 50 4F 53 54 00 00 00 45 53 50 5F 45 52 52 5F 57 49 46 49 5F 49 4E 49 54 5F 53 54 41 54 45 00 45 53 50 5F 45 52 52 5F 57 49 46 49 5F 53 54 4F 50 5F 53 54 41 54 45 00 45 53 50 5F 45 52 52 5F 
[0;31mE (31541) OTA: Data in hexadecimal 14208 bytes / 111 MAXFILESIZE: 568320     [0m
57 49 46 49 5F 4E 4F 54 5F 41 53 53 4F 43 00 00 45 53 50 5F 45 52 52 5F 57 49 46 49 5F 54 58 5F 44 49 53 41 4C 4C 4F 57 00 00 00 00 45 53 50 5F 45 52 52 5F 57 49 46 49 5F 54 57 54 5F 46 55 4C 4C 00 00 00 45 53 50 5F 45 52 52 5F 57 49 46 49 5F 54 57 54 5F 53 45 54 55 50 5F 54 49 4D 45 4F 55 54 00 00 45 53 50 5F 45 52 52 5F 57 49 46 49 5F 54 57 54 5F 53 45 54 55 50 5F 54 58 46 41 49 
[0;31mE (31601) OTA: Data in hexadecimal 14336 bytes / 112 MAXFILESIZE: 568320     [0m
4C 00 00 00 45 53 50 5F 45 52 52 5F 57 49 46 49 5F 54 57 54 5F 53 45 54 55 50 5F 52 45 4A 45 43 54 00 00 00 45 53 50 5F 45 52 52 5F 57 49 46 49 5F 44 49 53 43 41 52 44 00 00 00 00 45 53 50 5F 45 52 52 5F 57 49 46 49 5F 52 4F 43 5F 49 4E 5F 50 52 4F 47 52 45 53 53 00 00 00 00 45 53 50 5F 45 52 52 5F 57 49 46 49 5F 52 45 47 49 53 54 52 41 52 00 00 45 53 50 5F 45 52 52 5F 57 49 46 49 
[0;32mI (31641) ESP32 dev: Main loop running, feeding the watchdog...[0m
[0;31mE (31661) OTA: Data in hexadecimal 14464 bytes / 113 MAXFILESIZE: 568320     [0m
5F 57 50 53 5F 54 59 50 45 00 00 00 45 53 50 5F 45 52 52 5F 57 49 46 49 5F 57 50 53 5F 53 4D 00 45 53 50 5F 45 52 52 5F 45 53 50 4E 4F 57 5F 42 41 53 45 00 45 53 50 5F 45 52 52 5F 45 53 50 4E 4F 57 5F 4E 4F 54 5F 49 4E 49 54 00 45 53 50 5F 45 52 52 5F 45 53 50 4E 4F 57 5F 41 52 47 00 00 45 53 50 5F 45 52 52 5F 45 53 50 4E 4F 57 5F 4E 4F 5F 4D 45 4D 00 00 00 45 53 50 5F 45 52 52 5F 
[0;31mE (31721) OTA: Data in hexadecimal 14592 bytes / 114 MAXFILESIZE: 568320     [0m
45 53 50 4E 4F 57 5F 46 55 4C 4C 00 45 53 50 5F 45 52 52 5F 45 53 50 4E 4F 57 5F 4E 4F 54 5F 46 4F 55 4E 44 00 00 00 00 45 53 50 5F 45 52 52 5F 45 53 50 4E 4F 57 5F 49 4E 54 45 52 4E 41 4C 00 45 53 50 5F 45 52 52 5F 45 53 50 4E 4F 57 5F 45 58 49 53 54 00 00 00 00 45 53 50 5F 45 52 52 5F 45 53 50 4E 4F 57 5F 49 46 00 00 00 45 53 50 5F 45 52 52 5F 45 53 50 4E 4F 57 5F 43 48 41 4E 00 
[0;31mE (31781) OTA: Data in hexadecimal 14720 bytes / 115 MAXFILESIZE: 568320     [0m
45 53 50 5F 45 52 52 5F 44 50 50 5F 46 41 49 4C 55 52 45 00 45 53 50 5F 45 52 52 5F 44 50 50 5F 54 58 5F 46 41 49 4C 55 52 45 00 00 45 53 50 5F 45 52 52 5F 44 50 50 5F 49 4E 56 41 4C 49 44 5F 41 54 54 52 00 00 00 00 45 53 50 5F 45 52 52 5F 44 50 50 5F 41 55 54 48 5F 54 49 4D 45 4F 55 54 00 00 00 00 45 53 50 5F 45 52 52 5F 4D 45 53 48 5F 42 41 53 45 00 00 00 45 53 50 5F 45 52 52 5F 
[0;31mE (31841) OTA: Data in hexadecimal 14848 bytes / 116 MAXFILESIZE: 568320     [0m
4D 45 53 48 5F 57 49 46 49 5F 4E 4F 54 5F 53 54 41 52 54 00 45 53 50 5F 45 52 52 5F 4D 45 53 48 5F 4E 4F 54 5F 49 4E 49 54 00 00 00 45 53 50 5F 45 52 52 5F 4D 45 53 48 5F 4E 4F 54 5F 43 4F 4E 46 49 47 00 45 53 50 5F 45 52 52 5F 4D 45 53 48 5F 4E 4F 54 5F 53 54 41 52 54 00 00 45 53 50 5F 45 52 52 5F 4D 45 53 48 5F 4E 4F 54 5F 53 55 50 50 4F 52 54 00 00 00 00 45 53 50 5F 45 52 52 5F 
[0;31mE (31901) OTA: Data in hexadecimal 14976 bytes / 117 MAXFILESIZE: 568320     [0m
4D 45 53 48 5F 4E 4F 54 5F 41 4C 4C 4F 57 45 44 00 00 00 00 45 53 50 5F 45 52 52 5F 4D 45 53 48 5F 4E 4F 5F 4D 45 4D 4F 52 59 00 00 45 53 50 5F 45 52 52 5F 4D 45 53 48 5F 41 52 47 55 4D 45 4E 54 00 00 00 45 53 50 5F 45 52 52 5F 4D 45 53 48 5F 45 58 43 45 45 44 5F 4D 54 55 00 45 53 50 5F 45 52 52 5F 4D 45 53 48 5F 54 49 4D 45 4F 55 54 00 00 00 00 45 53 50 5F 45 52 52 5F 4D 45 53 48 
[0;31mE (31961) OTA: Data in hexadecimal 15104 bytes / 118 MAXFILESIZE: 568320     [0m
5F 44 49 53 43 4F 4E 4E 45 43 54 45 44 00 00 00 45 53 50 5F 45 52 52 5F 4D 45 53 48 5F 51 55 45 55 45 5F 46 41 49 4C 00 45 53 50 5F 45 52 52 5F 4D 45 53 48 5F 51 55 45 55 45 5F 46 55 4C 4C 00 45 53 50 5F 45 52 52 5F 4D 45 53 48 5F 4E 4F 5F 50 41 52 45 4E 54 5F 46 4F 55 4E 44 00 00 00 00 45 53 50 5F 45 52 52 5F 4D 45 53 48 5F 4E 4F 5F 52 4F 55 54 45 5F 46 4F 55 4E 44 00 45 53 50 5F 
[0;31mE (32021) OTA: Data in hexadecimal 15232 bytes / 119 MAXFILESIZE: 568320     [0m
45 52 52 5F 4D 45 53 48 5F 4F 50 54 49 4F 4E 5F 4E 55 4C 4C 00 00 00 00 45 53 50 5F 45 52 52 5F 4D 45 53 48 5F 4F 50 54 49 4F 4E 5F 55 4E 4B 4E 4F 57 4E 00 45 53 50 5F 45 52 52 5F 4D 45 53 48 5F 58 4F 4E 5F 4E 4F 5F 57 49 4E 44 4F 57 00 00 45 53 50 5F 45 52 52 5F 4D 45 53 48 5F 49 4E 54 45 52 46 41 43 45 00 00 45 53 50 5F 45 52 52 5F 4D 45 53 48 5F 44 49 53 43 41 52 44 5F 44 55 50 
[0;31mE (32081) OTA: Data in hexadecimal 15360 bytes / 120 MAXFILESIZE: 568320     [0m
4C 49 43 41 54 45 00 00 45 53 50 5F 45 52 52 5F 4D 45 53 48 5F 44 49 53 43 41 52 44 00 00 00 00 45 53 50 5F 45 52 52 5F 4D 45 53 48 5F 56 4F 54 49 4E 47 00 45 53 50 5F 45 52 52 5F 4D 45 53 48 5F 58 4D 49 54 00 00 00 45 53 50 5F 45 52 52 5F 4D 45 53 48 5F 51 55 45 55 45 5F 52 45 41 44 00 45 53 50 5F 45 52 52 5F 4D 45 53 48 5F 50 53 00 45 53 50 5F 45 52 52 5F 4D 45 53 48 5F 52 45 43 
[0;31mE (32141) OTA: Data in hexadecimal 15488 bytes / 121 MAXFILESIZE: 568320     [0m
56 5F 52 45 4C 45 41 53 45 00 00 00 45 53 50 5F 45 52 52 5F 45 53 50 5F 4E 45 54 49 46 5F 42 41 53 45 00 00 45 53 50 5F 45 52 52 5F 45 53 50 5F 4E 45 54 49 46 5F 49 4E 56 41 4C 49 44 5F 50 41 52 41 4D 53 00 00 00 00 45 53 50 5F 45 52 52 5F 45 53 50 5F 4E 45 54 49 46 5F 49 46 5F 4E 4F 54 5F 52 45 41 44 59 00 00 45 53 50 5F 45 52 52 5F 45 53 50 5F 4E 45 54 49 46 5F 44 48 43 50 43 5F 
[0;31mE (32201) OTA: Data in hexadecimal 15616 bytes / 122 MAXFILESIZE: 568320     [0m
53 54 41 52 54 5F 46 41 49 4C 45 44 00 00 00 00 45 53 50 5F 45 52 52 5F 45 53 50 5F 4E 45 54 49 46 5F 44 48 43 50 5F 41 4C 52 45 41 44 59 5F 53 54 41 52 54 45 44 00 00 45 53 50 5F 45 52 52 5F 45 53 50 5F 4E 45 54 49 46 5F 44 48 43 50 5F 41 4C 52 45 41 44 59 5F 53 54 4F 50 50 45 44 00 00 45 53 50 5F 45 52 52 5F 45 53 50 5F 4E 45 54 49 46 5F 4E 4F 5F 4D 45 4D 00 00 00 00 45 53 50 5F 
[0;31mE (32261) OTA: Data in hexadecimal 15744 bytes / 123 MAXFILESIZE: 568320     [0m
45 52 52 5F 45 53 50 5F 4E 45 54 49 46 5F 44 48 43 50 5F 4E 4F 54 5F 53 54 4F 50 50 45 44 00 00 45 53 50 5F 45 52 52 5F 45 53 50 5F 4E 45 54 49 46 5F 44 52 49 56 45 52 5F 41 54 54 41 43 48 5F 46 41 49 4C 45 44 00 00 45 53 50 5F 45 52 52 5F 45 53 50 5F 4E 45 54 49 46 5F 49 4E 49 54 5F 46 41 49 4C 45 44 00 00 00 45 53 50 5F 45 52 52 5F 45 53 50 5F 4E 45 54 49 46 5F 44 4E 53 5F 4E 4F 
[0;31mE (32321) OTA: Data in hexadecimal 15872 bytes / 124 MAXFILESIZE: 568320     [0m
54 5F 43 4F 4E 46 49 47 55 52 45 44 00 00 00 00 45 53 50 5F 45 52 52 5F 45 53 50 5F 4E 45 54 49 46 5F 4D 4C 44 36 5F 46 41 49 4C 45 44 00 00 00 45 53 50 5F 45 52 52 5F 45 53 50 5F 4E 45 54 49 46 5F 49 50 36 5F 41 44 44 52 5F 46 41 49 4C 45 44 00 00 00 45 53 50 5F 45 52 52 5F 45 53 50 5F 4E 45 54 49 46 5F 44 48 43 50 53 5F 53 54 41 52 54 5F 46 41 49 4C 45 44 00 00 00 00 45 53 50 5F 
[0;31mE (32381) OTA: Data in hexadecimal 16000 bytes / 125 MAXFILESIZE: 568320     [0m
45 52 52 5F 46 4C 41 53 48 5F 42 41 53 45 00 00 45 53 50 5F 45 52 52 5F 46 4C 41 53 48 5F 4F 50 5F 46 41 49 4C 00 00 00 45 53 50 5F 45 52 52 5F 46 4C 41 53 48 5F 4F 50 5F 54 49 4D 45 4F 55 54 00 00 00 00 45 53 50 5F 45 52 52 5F 46 4C 41 53 48 5F 4E 4F 54 5F 49 4E 49 54 49 41 4C 49 53 45 44 00 00 00 45 53 50 5F 45 52 52 5F 46 4C 41 53 48 5F 55 4E 53 55 50 50 4F 52 54 45 44 5F 48 4F 
[0;31mE (32441) OTA: Data in hexadecimal 16128 bytes / 126 MAXFILESIZE: 568320     [0m
53 54 00 00 45 53 50 5F 45 52 52 5F 46 4C 41 53 48 5F 55 4E 53 55 50 50 4F 52 54 45 44 5F 43 48 49 50 00 00 45 53 50 5F 45 52 52 5F 46 4C 41 53 48 5F 50 52 4F 54 45 43 54 45 44 00 45 53 50 5F 45 52 52 5F 48 54 54 50 5F 42 41 53 45 00 00 00 45 53 50 5F 45 52 52 5F 48 54 54 50 5F 4D 41 58 5F 52 45 44 49 52 45 43 54 00 00 00 45 53 50 5F 45 52 52 5F 48 54 54 50 5F 43 4F 4E 4E 45 43 54 
[0;31mE (32501) OTA: Data in hexadecimal 16256 bytes / 127 MAXFILESIZE: 568320     [0m
00 00 00 00 45 53 50 5F 45 52 52 5F 48 54 54 50 5F 57 52 49 54 45 5F 44 41 54 41 00 45 53 50 5F 45 52 52 5F 48 54 54 50 5F 46 45 54 43 48 5F 48 45 41 44 45 52 00 00 00 45 53 50 5F 45 52 52 5F 48 54 54 50 5F 49 4E 56 41 4C 49 44 5F 54 52 41 4E 53 50 4F 52 54 00 00 45 53 50 5F 45 52 52 5F 48 54 54 50 5F 43 4F 4E 4E 45 43 54 49 4E 47 00 45 53 50 5F 45 52 52 5F 48 54 54 50 5F 45 41 47 
[0;31mE (32561) OTA: Data in hexadecimal 16384 bytes / 128 MAXFILESIZE: 568320     [0m
41 49 4E 00 45 53 50 5F 45 52 52 5F 48 54 54 50 5F 43 4F 4E 4E 45 43 54 49 4F 4E 5F 43 4C 4F 53 45 44 00 00 45 53 50 5F 45 52 52 5F 45 53 50 5F 54 4C 53 5F 42 41 53 45 00 00 00 00 45 53 50 5F 45 52 52 5F 45 53 50 5F 54 4C 53 5F 43 41 4E 4E 4F 54 5F 52 45 53 4F 4C 56 45 5F 48 4F 53 54 4E 41 4D 45 00 45 53 50 5F 45 52 52 5F 45 53 50 5F 54 4C 53 5F 43 41 4E 4E 4F 54 5F 43 52 45 41 54 
[0;31mE (32621) OTA: Data in hexadecimal 16512 bytes / 129 MAXFILESIZE: 568320     [0m
45 5F 53 4F 43 4B 45 54 00 00 00 00 45 53 50 5F 45 52 52 5F 45 53 50 5F 54 4C 53 5F 55 4E 53 55 50 50 4F 52 54 45 44 5F 50 52 4F 54 4F 43 4F 4C 5F 46 41 4D 49 4C 59 00 45 53 50 5F 45 52 52 5F 45 53 50 5F 54 4C 53 5F 46 41 49 4C 45 44 5F 43 4F 4E 4E 45 43 54 5F 54 4F 5F 48 4F 53 54 00 00 45 53 50 5F 45 52 52 5F 45 53 50 5F 54 4C 53 5F 53 4F 43 4B 45 54 5F 53 45 54 4F 50 54 5F 46 41 
[0;32mI (32661) ESP32 dev: Main loop running, feeding the watchdog...[0m
[0;31mE (32681) OTA: Data in hexadecimal 16640 bytes / 130 MAXFILESIZE: 568320     [0m
49 4C 45 44 00 00 00 00 45 53 50 5F 45 52 52 5F 45 53 50 5F 54 4C 53 5F 43 4F 4E 4E 45 43 54 49 4F 4E 5F 54 49 4D 45 4F 55 54 00 00 45 53 50 5F 45 52 52 5F 45 53 50 5F 54 4C 53 5F 53 45 5F 46 41 49 4C 45 44 00 00 00 45 53 50 5F 45 52 52 5F 45 53 50 5F 54 4C 53 5F 54 43 50 5F 43 4C 4F 53 45 44 5F 46 49 4E 00 00 45 53 50 5F 45 52 52 5F 4D 42 45 44 54 4C 53 5F 43 45 52 54 5F 50 41 52 
[0;31mE (32741) OTA: Data in hexadecimal 16768 bytes / 131 MAXFILESIZE: 568320     [0m
54 4C 59 5F 4F 4B 00 00 45 53 50 5F 45 52 52 5F 4D 42 45 44 54 4C 53 5F 43 54 52 5F 44 52 42 47 5F 53 45 45 44 5F 46 41 49 4C 45 44 00 00 00 00 45 53 50 5F 45 52 52 5F 4D 42 45 44 54 4C 53 5F 53 53 4C 5F 53 45 54 5F 48 4F 53 54 4E 41 4D 45 5F 46 41 49 4C 45 44 00 45 53 50 5F 45 52 52 5F 4D 42 45 44 54 4C 53 5F 53 53 4C 5F 43 4F 4E 46 49 47 5F 44 45 46 41 55 4C 54 53 5F 46 41 49 4C 
[0;31mE (32801) OTA: Data in hexadecimal 16896 bytes / 132 MAXFILESIZE: 568320     [0m
45 44 00 00 45 53 50 5F 45 52 52 5F 4D 42 45 44 54 4C 53 5F 53 53 4C 5F 43 4F 4E 46 5F 41 4C 50 4E 5F 50 52 4F 54 4F 43 4F 4C 53 5F 46 41 49 4C 45 44 00 00 45 53 50 5F 45 52 52 5F 4D 42 45 44 54 4C 53 5F 58 35 30 39 5F 43 52 54 5F 50 41 52 53 45 5F 46 41 49 4C 45 44 00 00 00 45 53 50 5F 45 52 52 5F 4D 42 45 44 54 4C 53 5F 53 53 4C 5F 43 4F 4E 46 5F 4F 57 4E 5F 43 45 52 54 5F 46 41 
[0;31mE (32861) OTA: Data in hexadecimal 17024 bytes / 133 MAXFILESIZE: 568320     [0m
49 4C 45 44 00 00 00 00 45 53 50 5F 45 52 52 5F 4D 42 45 44 54 4C 53 5F 53 53 4C 5F 53 45 54 55 50 5F 46 41 49 4C 45 44 00 00 00 00 45 53 50 5F 45 52 52 5F 4D 42 45 44 54 4C 53 5F 53 53 4C 5F 57 52 49 54 45 5F 46 41 49 4C 45 44 00 00 00 00 45 53 50 5F 45 52 52 5F 4D 42 45 44 54 4C 53 5F 50 4B 5F 50 41 52 53 45 5F 4B 45 59 5F 46 41 49 4C 45 44 00 45 53 50 5F 45 52 52 5F 4D 42 45 44 
[0;31mE (32921) OTA: Data in hexadecimal 17152 bytes / 134 MAXFILESIZE: 568320     [0m
54 4C 53 5F 53 53 4C 5F 48 41 4E 44 53 48 41 4B 45 5F 46 41 49 4C 45 44 00 00 00 00 45 53 50 5F 45 52 52 5F 4D 42 45 44 54 4C 53 5F 53 53 4C 5F 43 4F 4E 46 5F 50 53 4B 5F 46 41 49 4C 45 44 00 45 53 50 5F 45 52 52 5F 4D 42 45 44 54 4C 53 5F 53 53 4C 5F 54 49 43 4B 45 54 5F 53 45 54 55 50 5F 46 41 49 4C 45 44 00 45 53 50 5F 45 52 52 5F 57 4F 4C 46 53 53 4C 5F 53 53 4C 5F 53 45 54 5F 
[0;31mE (32981) OTA: Data in hexadecimal 17280 bytes / 135 MAXFILESIZE: 568320     [0m
48 4F 53 54 4E 41 4D 45 5F 46 41 49 4C 45 44 00 45 53 50 5F 45 52 52 5F 57 4F 4C 46 53 53 4C 5F 53 53 4C 5F 43 4F 4E 46 5F 41 4C 50 4E 5F 50 52 4F 54 4F 43 4F 4C 53 5F 46 41 49 4C 45 44 00 00 45 53 50 5F 45 52 52 5F 57 4F 4C 46 53 53 4C 5F 43 45 52 54 5F 56 45 52 49 46 59 5F 53 45 54 55 50 5F 46 41 49 4C 45 44 00 00 00 00 45 53 50 5F 45 52 52 5F 57 4F 4C 46 53 53 4C 5F 4B 45 59 5F 
[0;31mE (33041) OTA: Data in hexadecimal 17408 bytes / 136 MAXFILESIZE: 568320     [0m
56 45 52 49 46 59 5F 53 45 54 55 50 5F 46 41 49 4C 45 44 00 45 53 50 5F 45 52 52 5F 57 4F 4C 46 53 53 4C 5F 53 53 4C 5F 48 41 4E 44 53 48 41 4B 45 5F 46 41 49 4C 45 44 00 00 00 00 45 53 50 5F 45 52 52 5F 57 4F 4C 46 53 53 4C 5F 43 54 58 5F 53 45 54 55 50 5F 46 41 49 4C 45 44 00 00 00 00 45 53 50 5F 45 52 52 5F 57 4F 4C 46 53 53 4C 5F 53 53 4C 5F 53 45 54 55 50 5F 46 41 49 4C 45 44 
[0;31mE (33101) OTA: Data in hexadecimal 17536 bytes / 137 MAXFILESIZE: 568320     [0m
00 00 00 00 45 53 50 5F 45 52 52 5F 57 4F 4C 46 53 53 4C 5F 53 53 4C 5F 57 52 49 54 45 5F 46 41 49 4C 45 44 00 00 00 00 45 53 50 5F 45 52 52 5F 48 54 54 50 53 5F 4F 54 41 5F 42 41 53 45 00 00 45 53 50 5F 45 52 52 5F 48 54 54 50 53 5F 4F 54 41 5F 49 4E 5F 50 52 4F 47 52 45 53 53 00 00 00 45 53 50 5F 45 52 52 5F 50 49 4E 47 5F 42 41 53 45 00 00 00 45 53 50 5F 45 52 52 5F 50 49 4E 47 
[0;31mE (33161) OTA: Data in hexadecimal 17664 bytes / 138 MAXFILESIZE: 568320     [0m
5F 49 4E 56 41 4C 49 44 5F 50 41 52 41 4D 53 00 45 53 50 5F 45 52 52 5F 50 49 4E 47 5F 4E 4F 5F 4D 45 4D 00 45 53 50 5F 45 52 52 5F 48 54 54 50 44 5F 42 41 53 45 00 00 45 53 50 5F 45 52 52 5F 48 54 54 50 44 5F 48 41 4E 44 4C 45 52 53 5F 46 55 4C 4C 00 45 53 50 5F 45 52 52 5F 48 54 54 50 44 5F 48 41 4E 44 4C 45 52 5F 45 58 49 53 54 53 00 00 00 00 45 53 50 5F 45 52 52 5F 48 54 54 50 
[0;31mE (33221) OTA: Data in hexadecimal 17792 bytes / 139 MAXFILESIZE: 568320     [0m
44 5F 49 4E 56 41 4C 49 44 5F 52 45 51 00 00 00 45 53 50 5F 45 52 52 5F 48 54 54 50 44 5F 52 45 53 55 4C 54 5F 54 52 55 4E 43 00 00 45 53 50 5F 45 52 52 5F 48 54 54 50 44 5F 52 45 53 50 5F 48 44 52 00 00 45 53 50 5F 45 52 52 5F 48 54 54 50 44 5F 52 45 53 50 5F 53 45 4E 44 00 45 53 50 5F 45 52 52 5F 48 54 54 50 44 5F 41 4C 4C 4F 43 5F 4D 45 4D 00 45 53 50 5F 45 52 52 5F 48 54 54 50 
[0;31mE (33281) OTA: Data in hexadecimal 17920 bytes / 140 MAXFILESIZE: 568320     [0m
44 5F 54 41 53 4B 00 00 45 53 50 5F 45 52 52 5F 48 57 5F 43 52 59 50 54 4F 5F 42 41 53 45 00 00 45 53 50 5F 45 52 52 5F 48 57 5F 43 52 59 50 54 4F 5F 44 53 5F 48 4D 41 43 5F 46 41 49 4C 00 00 45 53 50 5F 45 52 52 5F 48 57 5F 43 52 59 50 54 4F 5F 44 53 5F 49 4E 56 41 4C 49 44 5F 4B 45 59 00 00 00 00 45 53 50 5F 45 52 52 5F 48 57 5F 43 52 59 50 54 4F 5F 44 53 5F 49 4E 56 41 4C 49 44 
[0;31mE (33341) OTA: Data in hexadecimal 18048 bytes / 141 MAXFILESIZE: 568320     [0m
5F 44 49 47 45 53 54 00 45 53 50 5F 45 52 52 5F 48 57 5F 43 52 59 50 54 4F 5F 44 53 5F 49 4E 56 41 4C 49 44 5F 50 41 44 44 49 4E 47 00 00 00 00 45 53 50 5F 45 52 52 5F 4D 45 4D 50 52 4F 54 5F 42 41 53 45 00 00 00 00 45 53 50 5F 45 52 52 5F 4D 45 4D 50 52 4F 54 5F 4D 45 4D 4F 52 59 5F 54 59 50 45 5F 49 4E 56 41 4C 49 44 00 45 53 50 5F 45 52 52 5F 4D 45 4D 50 52 4F 54 5F 53 50 4C 49 
[0;31mE (33401) OTA: Data in hexadecimal 18176 bytes / 142 MAXFILESIZE: 568320     [0m
54 5F 41 44 44 52 5F 49 4E 56 41 4C 49 44 00 00 45 53 50 5F 45 52 52 5F 4D 45 4D 50 52 4F 54 5F 53 50 4C 49 54 5F 41 44 44 52 5F 4F 55 54 5F 4F 46 5F 52 41 4E 47 45 00 45 53 50 5F 45 52 52 5F 4D 45 4D 50 52 4F 54 5F 53 50 4C 49 54 5F 41 44 44 52 5F 55 4E 41 4C 49 47 4E 45 44 00 00 00 00 45 53 50 5F 45 52 52 5F 4D 45 4D 50 52 4F 54 5F 55 4E 49 4D 47 4D 54 5F 42 4C 4F 43 4B 5F 49 4E 
[0;31mE (33461) OTA: Data in hexadecimal 18304 bytes / 143 MAXFILESIZE: 568320     [0m
56 41 4C 49 44 00 00 00 45 53 50 5F 45 52 52 5F 4D 45 4D 50 52 4F 54 5F 57 4F 52 4C 44 5F 49 4E 56 41 4C 49 44 00 00 00 45 53 50 5F 45 52 52 5F 4D 45 4D 50 52 4F 54 5F 41 52 45 41 5F 49 4E 56 41 4C 49 44 00 00 00 00 45 53 50 5F 45 52 52 5F 4D 45 4D 50 52 4F 54 5F 43 50 55 49 44 5F 49 4E 56 41 4C 49 44 00 00 00 6C 61 73 74 00 00 00 00 2F 2F 49 44 46 2F 63 6F 6D 70 6F 6E 65 6E 74 73 
[0;31mE (33521) OTA: Data in hexadecimal 18432 bytes / 144 MAXFILESIZE: 568320     [0m
2F 65 73 70 5F 74 69 6D 65 72 2F 73 72 63 2F 65 73 70 5F 74 69 6D 65 72 2E 63 00 00 65 73 70 5F 74 69 6D 65 72 00 00 00 1B 5B 30 3B 33 31 6D 45 20 28 25 6C 75 29 20 25 73 3A 20 54 61 73 6B 20 69 73 20 61 6C 72 65 61 64 79 20 69 6E 69 74 69 61 6C 69 7A 65 64 1B 5B 30 6D 0A 00 1B 5B 30 3B 33 31 6D 45 20 28 25 6C 75 29 20 25 73 3A 20 4E 6F 74 20 65 6E 6F 75 67 68 20 6D 65 6D 6F 72 79 
[0;31mE (33581) OTA: Data in hexadecimal 18560 bytes / 145 MAXFILESIZE: 568320     [0m
20 74 6F 20 63 72 65 61 74 65 20 74 69 6D 65 72 20 74 61 73 6B 1B 5B 30 6D 0A 00 00 1B 5B 30 3B 33 31 6D 45 20 28 25 6C 75 29 20 25 73 3A 20 49 53 52 20 69 6E 69 74 20 66 61 69 6C 65 64 1B 5B 30 6D 0A 00 73 79 73 74 65 6D 5F 74 69 6D 65 00 1B 5B 30 3B 33 33 6D 57 20 28 25 6C 75 29 20 25 73 3A 20 52 65 67 69 73 74 65 72 20 73 68 75 74 64 6F 77 6E 20 68 61 6E 64 6C 65 72 20 66 61 69 
[0;31mE (33641) OTA: Data in hexadecimal 18688 bytes / 146 MAXFILESIZE: 568320     [0m
6C 65 64 2C 20 65 72 72 20 3D 20 30 78 25 78 1B 5B 30 6D 0A 00 00 00 00 61 6C 61 72 6D 5F 69 64 20 3C 20 73 69 7A 65 6F 66 28 74 69 6D 65 73 74 61 6D 70 5F 69 64 29 20 2F 20 73 69 7A 65 6F 66 28 74 69 6D 65 73 74 61 6D 70 5F 69 64 5B 30 5D 29 00 00 00 2F 2F 49 44 46 2F 63 6F 6D 70 6F 6E 65 6E 74 73 2F 65 73 70 5F 74 69 6D 65 72 2F 73 72 63 2F 65 73 70 5F 74 69 6D 65 72 5F 69 6D 70 
[0;32mI (33681) ESP32 dev: Main loop running, feeding the watchdog...[0m
[0;31mE (33701) OTA: Data in hexadecimal 18816 bytes / 147 MAXFILESIZE: 568320     [0m
6C 5F 73 79 73 74 69 6D 65 72 2E 63 00 00 00 00 65 73 70 5F 74 69 6D 65 72 5F 73 79 73 74 69 6D 65 72 00 00 1B 5B 30 3B 33 31 6D 45 20 28 25 6C 75 29 20 25 73 3A 20 74 69 6D 65 72 20 49 53 52 20 69 73 20 61 6C 72 65 61 64 79 20 69 6E 69 74 69 61 6C 69 7A 65 64 1B 5B 30 6D 0A 00 00 00 00 1B 5B 30 3B 33 31 6D 45 20 28 25 6C 75 29 20 25 73 3A 20 65 73 70 5F 69 6E 74 72 5F 61 6C 6C 6F 
[0;31mE (33761) OTA: Data in hexadecimal 18944 bytes / 148 MAXFILESIZE: 568320     [0m
63 20 66 61 69 6C 65 64 20 28 30 78 25 78 29 1B 5B 30 6D 0A 00 00 00 00 1B 5B 30 3B 33 31 6D 45 20 28 25 6C 75 29 20 25 73 3A 20 43 61 6E 20 6E 6F 74 20 65 6E 61 62 6C 65 20 49 53 52 20 28 30 78 25 30 78 29 1B 5B 30 6D 0A 00 00 2F 00 00 00 73 74 72 6E 63 6D 70 28 73 72 63 5F 70 61 74 68 2C 20 76 66 73 2D 3E 70 61 74 68 5F 70 72 65 66 69 78 2C 20 76 66 73 2D 3E 70 61 74 68 5F 70 72 
[0;31mE (33821) OTA: Data in hexadecimal 19072 bytes / 149 MAXFILESIZE: 568320     [0m
65 66 69 78 5F 6C 65 6E 29 20 3D 3D 20 30 00 00 2F 2F 49 44 46 2F 63 6F 6D 70 6F 6E 65 6E 74 73 2F 76 66 73 2F 76 66 73 2E 63 00 00 2F 64 65 76 2F 75 61 72 74 00 00 00 2F 30 00 00 2F 64 65 76 2F 73 65 63 6F 6E 64 61 72 79 00 00 73 5F 63 74 78 2E 70 65 65 6B 5F 63 68 61 72 20 3D 3D 20 4E 4F 4E 45 00 2F 2F 49 44 46 2F 63 6F 6D 70 6F 6E 65 6E 74 73 2F 76 66 73 2F 76 66 73 5F 75 73 62 
[0;31mE (33881) OTA: Data in hexadecimal 19200 bytes / 150 MAXFILESIZE: 568320     [0m
5F 73 65 72 69 61 6C 5F 6A 74 61 67 2E 63 00 00 2F 31 00 00 2F 32 00 00 66 64 20 3E 3D 30 20 26 26 20 66 64 20 3C 20 33 00 00 00 00 2F 2F 49 44 46 2F 63 6F 6D 70 6F 6E 65 6E 74 73 2F 76 66 73 2F 76 66 73 5F 75 61 72 74 2E 63 00 73 5F 63 74 78 5B 66 64 5D 2D 3E 70 65 65 6B 5F 63 68 61 72 20 3D 3D 20 4E 4F 4E 45 00 00 00 00 66 64 20 3E 3D 20 30 20 26 26 20 66 64 20 3C 20 33 00 00 00 
[0;31mE (33941) OTA: Data in hexadecimal 19328 bytes / 151 MAXFILESIZE: 568320     [0m
1B 5B 30 3B 33 32 6D 49 20 28 25 6C 75 29 20 25 73 3A 20 44 52 5F 52 45 47 5F 47 50 49 4F 5F 42 41 53 45 3A 20 25 70 2C 20 47 50 49 4F 5F 45 4E 41 42 4C 45 5F 57 31 54 43 5F 52 45 47 3A 20 25 70 2C 20 41 44 44 5F 47 50 49 4F 33 3A 20 25 70 1B 5B 30 6D 0A 00 00 00 1B 5B 30 3B 33 32 6D 49 20 28 25 6C 75 29 20 25 73 3A 20 47 50 49 4F 33 20 69 73 20 48 49 47 48 3A 20 25 64 1B 5B 30 6D 
[0;31mE (34001) OTA: Data in hexadecimal 19456 bytes / 152 MAXFILESIZE: 568320     [0m
0A 00 00 00 53 4C 45 45 50 5F 43 4F 52 45 00 00 1B 5B 30 3B 33 32 6D 49 20 28 25 6C 75 29 20 25 73 3A 20 45 6E 74 65 72 69 6E 67 20 6C 69 67 68 74 20 73 6C 65 65 70 2E 20 50 72 65 73 73 20 47 50 49 4F 33 20 74 6F 20 77 61 6B 65 20 75 70 2E 1B 5B 30 6D 0A 00 00 00 1B 5B 30 3B 33 31 6D 45 20 28 25 6C 75 29 20 25 73 3A 20 46 61 69 6C 65 64 20 74 6F 20 65 6E 61 62 6C 65 20 47 50 49 4F 
[0;31mE (34061) OTA: Data in hexadecimal 19584 bytes / 153 MAXFILESIZE: 568320     [0m
20 77 61 6B 65 75 70 3A 20 25 64 1B 5B 30 6D 0A 00 00 00 00 1B 5B 30 3B 33 31 6D 45 20 28 25 6C 75 29 20 25 73 3A 20 46 61 69 6C 65 64 20 74 6F 20 65 6E 61 62 6C 65 20 77 61 6B 65 75 70 20 6F 6E 20 47 50 49 4F 33 3A 20 25 64 1B 5B 30 6D 0A 00 00 00 00 1B 5B 30 3B 33 31 6D 45 20 28 25 6C 75 29 20 25 73 3A 20 46 61 69 6C 65 64 20 74 6F 20 65 6E 74 65 72 20 6C 69 67 68 74 20 73 6C 65 
[0;31mE (34121) OTA: Data in hexadecimal 19712 bytes / 154 MAXFILESIZE: 568320     [0m
65 70 3A 20 25 64 1B 5B 30 6D 0A 00 1B 5B 30 3B 33 32 6D 49 20 28 25 6C 75 29 20 25 73 3A 20 57 6F 6B 65 20 75 70 21 1B 5B 30 6D 0A 00 00 00 00 1B 5B 30 3B 33 32 6D 49 20 28 25 6C 75 29 20 25 73 3A 20 64 61 74 61 20 3A 20 25 73 2C 20 6D 61 70 70 65 64 20 73 65 74 4D 6F 64 65 20 3A 20 25 64 0A 1B 5B 30 6D 0A 00 4F 54 41 00 1B 5B 30 3B 33 31 6D 45 20 28 25 6C 75 29 20 25 73 3A 20 2A 
[0;31mE (34181) OTA: Data in hexadecimal 19840 bytes / 155 MAXFILESIZE: 568320     [0m
2A 69 6E 74 69 74 20 45 52 52 2A 2A 1B 5B 30 6D 0A 00 00 00 4F 4B 21 00 46 41 49 4C 45 44 21 00 47 41 50 00 1B 5B 30 3B 33 32 6D 49 20 28 25 6C 75 29 20 25 73 3A 20 42 4C 45 20 47 41 50 20 45 56 45 4E 54 20 43 4F 4E 4E 45 43 54 20 25 73 1B 5B 30 6D 0A 00 00 00 00 1B 5B 30 3B 33 32 6D 49 20 28 25 6C 75 29 20 25 73 3A 20 42 4C 45 20 47 41 50 20 45 56 45 4E 54 20 44 49 53 43 4F 4E 4E 
[0;31mE (34241) OTA: Data in hexadecimal 19968 bytes / 156 MAXFILESIZE: 568320     [0m
45 43 54 45 44 1B 5B 30 6D 0A 00 00 1B 5B 30 3B 33 32 6D 49 20 28 25 6C 75 29 20 25 73 3A 20 42 4C 45 20 47 41 50 20 45 56 45 4E 54 1B 5B 30 6D 0A 00 00 00 1B 5B 30 3B 33 32 6D 49 20 28 25 6C 75 29 20 25 73 3A 20 42 4C 45 20 73 79 6E 63 65 64 1B 5B 30 6D 0A 00 00 41 64 64 72 65 73 73 3A 20 00 00 00 47 50 49 4F 5F 49 4E 49 54 00 00 00 1B 5B 30 3B 33 32 6D 49 20 28 25 6C 75 29 20 25 
[0;31mE (34301) OTA: Data in hexadecimal 20096 bytes / 157 MAXFILESIZE: 568320     [0m
73 3A 20 25 73 25 70 20 25 70 20 25 70 20 25 70 1B 5B 30 6D 0A 00 00 00 1B 5B 30 3B 33 32 6D 49 20 28 25 6C 75 29 20 25 73 3A 20 54 48 49 53 20 46 49 52 4D 57 41 52 45 20 48 41 56 45 20 4C 49 53 45 4E 43 45 53 20 50 4F 44 58 20 49 4E 44 55 53 52 54 52 59 20 56 31 2E 30 0A 1B 5B 30 6D 0A 00 00 00 00 1B 5B 30 3B 33 32 6D 49 20 28 25 6C 75 29 20 25 73 3A 20 42 45 54 41 20 56 45 52 53 
[0;31mE (34361) OTA: Data in hexadecimal 20224 bytes / 158 MAXFILESIZE: 568320     [0m
49 4F 4E 0A 1B 5B 30 6D 0A 00 00 00 45 53 50 33 32 20 64 65 76 00 00 00 44 55 54 59 5F 43 4F 4E 54 52 4F 4C 4C 45 52 00 50 57 4D 5F 43 4F 4E 54 52 4F 4C 4C 45 52 00 00 53 4C 45 45 50 5F 43 4F 4E 54 52 4F 4C 4C 45 52 00 00 00 00 53 45 4E 53 4F 52 5F 43 4F 4E 54 52 4F 4C 4C 45 52 00 00 00 55 41 52 54 20 4F 50 45 4E 4E 49 4E 47 00 00 00 1B 5B 30 3B 33 32 6D 49 20 28 25 6C 75 29 20 25 
[0;31mE (34421) OTA: Data in hexadecimal 20352 bytes / 159 MAXFILESIZE: 568320     [0m
73 3A 20 4D 61 69 6E 20 6C 6F 6F 70 20 72 75 6E 6E 69 6E 67 2C 20 66 65 65 64 69 6E 67 20 74 68 65 20 77 61 74 63 68 64 6F 67 2E 2E 2E 1B 5B 30 6D 0A 00 00 50 61 72 74 69 74 69 6F 6E 20 49 6E 66 6F 00 00 1B 5B 30 3B 33 32 6D 49 20 28 25 6C 75 29 20 25 73 3A 20 52 75 6E 6E 69 6E 67 20 70 61 72 74 69 74 69 6F 6E 3A 20 25 73 1B 5B 30 6D 0A 00 00 00 1B 5B 30 3B 33 31 6D 45 20 28 25 6C 
[0;31mE (34481) OTA: Data in hexadecimal 20480 bytes / 160 MAXFILESIZE: 568320     [0m
75 29 20 25 73 3A 20 46 61 69 6C 65 64 20 74 6F 20 67 65 74 20 72 75 6E 6E 69 6E 67 20 70 61 72 74 69 74 69 6F 6E 1B 5B 30 6D 0A 00 1B 5B 30 3B 33 32 6D 49 20 28 25 6C 75 29 20 25 73 3A 20 46 6F 75 6E 64 20 70 61 72 74 69 74 69 6F 6E 3A 20 25 73 20 6F 66 20 73 69 7A 65 20 25 6C 75 1B 5B 30 6D 0A 00 66 61 63 74 6F 72 79 00 6F 74 61 5F 30 00 00 00 6F 74 61 5F 31 00 00 00 1B 5B 30 3B 
[0;31mE (34541) OTA: Data in hexadecimal 20608 bytes / 161 MAXFILESIZE: 568320     [0m
33 31 6D 45 20 28 25 6C 75 29 20 25 73 3A 20 46 61 69 6C 65 64 20 74 6F 20 66 69 6E 64 20 4F 54 41 20 70 61 72 74 69 74 69 6F 6E 1B 5B 30 6D 0A 00 00 00 00 1B 5B 30 3B 33 31 6D 45 20 28 25 6C 75 29 20 25 73 3A 20 65 73 70 5F 6F 74 61 5F 62 65 67 69 6E 20 66 61 69 6C 65 64 2C 20 65 72 72 6F 72 3D 25 64 1B 5B 30 6D 0A 00 00 1B 5B 30 3B 33 32 6D 49 20 28 25 6C 75 29 20 25 73 3A 20 4F 
[0;31mE (34601) OTA: Data in hexadecimal 20736 bytes / 162 MAXFILESIZE: 568320     [0m
54 41 20 75 70 64 61 74 65 20 73 74 61 72 74 65 64 2E 2E 2E 1B 5B 30 6D 0A 00 00 00 1B 5B 30 3B 33 31 6D 45 20 28 25 6C 75 29 20 25 73 3A 20 65 73 70 5F 6F 74 61 5F 65 6E 64 20 66 61 69 6C 65 64 2C 20 65 72 72 6F 72 3D 25 64 1B 5B 30 6D 0A 00 00 00 00 1B 5B 30 3B 33 31 6D 45 20 28 25 6C 75 29 20 25 73 3A 20 65 73 70 5F 6F 74 61 5F 73 65 74 5F 62 6F 6F 74 5F 70 61 72 74 69 74 69 6F 
[0;31mE (34661) OTA: Data in hexadecimal 20864 bytes / 163 MAXFILESIZE: 568320     [0m
6E 20 66 61 69 6C 65 64 2C 20 65 72 72 6F 72 3D 25 64 1B 5B 30 6D 0A 00 1B 5B 30 3B 33 32 6D 49 20 28 25 6C 75 29 20 25 73 3A 20 4F 54 41 20 75 70 64 61 74 65 20 63 6F 6D 70 6C 65 74 65 64 2C 20 72 65 62 6F 6F 74 69 6E 67 2E 2E 2E 1B 5B 30 6D 0A 00 00 44 61 74 61 20 69 6E 20 68 65 78 61 64 65 63 69 6D 61 6C 20 25 7A 75 20 62 79 74 65 73 20 2F 20 25 64 20 4D 41 58 46 49 4C 45 53 49 
[0;32mI (34701) ESP32 dev: Main loop running, feeding the watchdog...[0m
[0;31mE (34721) OTA: Data in hexadecimal 20992 bytes / 164 MAXFILESIZE: 568320     [0m
5A 45 3A 20 25 64 20 00 25 30 32 58 20 00 00 00 1B 5B 30 3B 33 31 6D 45 20 28 25 6C 75 29 20 25 73 3A 20 65 73 70 5F 6F 74 61 5F 77 72 69 74 65 20 66 61 69 6C 65 64 2C 20 65 72 72 6F 72 3D 25 64 1B 5B 30 6D 0A 00 00 1B 5B 30 3B 33 32 6D 49 20 28 25 6C 75 29 20 25 73 3A 20 53 54 41 52 54 20 52 45 42 4F 4F 54 2E 2E 2E 1B 5B 30 6D 0A 00 6D 61 78 5F 66 69 6C 65 5F 73 69 7A 65 3A 20 25 
[0;31mE (34781) OTA: Data in hexadecimal 21120 bytes / 165 MAXFILESIZE: 568320     [0m
64 20 00 00 63 74 78 74 2D 3E 6F 70 20 3D 3D 20 42 4C 45 5F 47 41 54 54 5F 41 43 43 45 53 53 5F 4F 50 5F 52 45 41 44 5F 43 48 52 00 2F 2F 49 44 46 2F 63 6F 6D 70 6F 6E 65 6E 74 73 2F 62 74 2F 68 6F 73 74 2F 6E 69 6D 62 6C 65 2F 6E 69 6D 62 6C 65 2F 6E 69 6D 62 6C 65 2F 68 6F 73 74 2F 73 65 72 76 69 63 65 73 2F 67 61 74 74 2F 73 72 63 2F 62 6C 65 5F 73 76 63 5F 67 61 74 74 2E 63 00 
[0;31mE (34841) OTA: Data in hexadecimal 21248 bytes / 166 MAXFILESIZE: 568320     [0m
63 74 78 74 2D 3E 63 68 72 20 3D 3D 20 26 62 6C 65 5F 73 76 63 5F 67 61 74 74 5F 64 65 66 73 5B 30 5D 2E 63 68 61 72 61 63 74 65 72 69 73 74 69 63 73 5B 30 5D 00 00 00 72 63 20 3D 3D 20 30 00 2F 2F 49 44 46 2F 63 6F 6D 70 6F 6E 65 6E 74 73 2F 62 74 2F 68 6F 73 74 2F 6E 69 6D 62 6C 65 2F 6E 69 6D 62 6C 65 2F 6E 69 6D 62 6C 65 2F 68 6F 73 74 2F 73 65 72 76 69 63 65 73 2F 67 61 70 2F 
[0;31mE (34901) OTA: Data in hexadecimal 21376 bytes / 167 MAXFILESIZE: 568320     [0m
73 72 63 2F 62 6C 65 5F 73 76 63 5F 67 61 70 2E 63 00 00 00 75 75 69 64 31 36 20 21 3D 20 30 00 4E 69 6D 42 4C 45 00 00 1B 5B 30 3B 33 32 6D 49 20 28 25 6C 75 29 20 25 73 3A 20 46 61 69 6C 65 64 20 74 6F 20 72 65 73 74 6F 72 65 20 49 52 4B 73 20 66 72 6F 6D 20 73 74 6F 72 65 3B 20 73 74 61 74 75 73 3D 25 64 0A 1B 5B 30 6D 0A 00 00 00 2F 2F 49 44 46 2F 63 6F 6D 70 6F 6E 65 6E 74 73 
[0;31mE (34961) OTA: Data in hexadecimal 21504 bytes / 168 MAXFILESIZE: 568320     [0m
2F 62 74 2F 68 6F 73 74 2F 6E 69 6D 62 6C 65 2F 6E 69 6D 62 6C 65 2F 6E 69 6D 62 6C 65 2F 68 6F 73 74 2F 73 72 63 2F 62 6C 65 5F 68 73 2E 63 00 62 6C 65 5F 68 73 5F 68 63 69 5F 65 76 5F 70 6F 6F 6C 00 00 1B 5B 30 3B 33 32 6D 49 20 28 25 6C 75 29 20 25 73 3A 20 47 41 54 54 20 70 72 6F 63 65 64 75 72 65 20 69 6E 69 74 69 61 74 65 64 3A 20 25 73 1B 5B 30 6D 0A 00 00 00 00 72 65 61 64 
[0;31mE (35021) OTA: Data in hexadecimal 21632 bytes / 169 MAXFILESIZE: 568320     [0m
3B 20 00 00 1B 5B 30 3B 33 32 6D 49 20 28 25 6C 75 29 20 25 73 3A 20 61 74 74 5F 68 61 6E 64 6C 65 3D 25 64 0A 1B 5B 30 6D 0A 00 00 6E 6F 74 69 66 79 3B 20 00 00 00 00 69 6E 64 69 63 61 74 65 3B 20 00 00 62 6C 65 5F 67 61 74 74 63 5F 70 72 6F 63 5F 70 6F 6F 6C 00 1B 5B 30 3B 33 31 6D 45 20 28 25 6C 75 29 20 25 73 3A 20 43 6F 6E 74 72 6F 6C 6C 65 72 20 64 6F 65 73 6E 27 74 20 73 75 
[0;31mE (35081) OTA: Data in hexadecimal 21760 bytes / 170 MAXFILESIZE: 568320     [0m
70 70 6F 72 74 20 4C 45 0A 1B 5B 30 6D 0A 00 00 1B 5B 30 3B 33 31 6D 45 20 28 25 6C 75 29 20 25 73 3A 20 52 65 71 75 69 72 65 64 20 63 6F 6E 74 72 6F 6C 6C 65 72 20 76 65 72 73 69 6F 6E 20 69 73 20 34 2E 30 20 28 36 29 0A 1B 5B 30 6D 0A 00 62 6C 65 5F 6C 32 63 61 70 5F 73 69 67 5F 70 72 6F 63 5F 70 6F 6F 6C 00 1B 5B 30 3B 33 32 6D 49 20 28 25 6C 75 29 20 25 73 3A 20 63 6F 75 6E 74 
[0;31mE (35141) OTA: Data in hexadecimal 21888 bytes / 171 MAXFILESIZE: 568320     [0m
3D 25 64 20 1B 5B 30 6D 0A 00 00 00 1B 5B 30 3B 33 32 6D 49 20 28 25 6C 75 29 20 25 73 3A 20 65 6E 74 72 79 2D 25 64 3D 7B 61 64 64 72 5F 74 79 70 65 3D 25 64 20 61 64 64 72 3D 1B 5B 30 6D 0A 00 00 00 00 1B 5B 30 3B 33 32 6D 49 20 28 25 6C 75 29 20 25 73 3A 20 25 30 32 78 3A 25 30 32 78 3A 25 30 32 78 3A 25 30 32 78 3A 25 30 32 78 3A 25 30 32 78 1B 5B 30 6D 0A 00 00 00 1B 5B 30 3B 
[0;31mE (35201) OTA: Data in hexadecimal 22016 bytes / 172 MAXFILESIZE: 568320     [0m
33 32 6D 49 20 28 25 6C 75 29 20 25 73 3A 20 7D 20 1B 5B 30 6D 0A 00 00 1B 5B 30 3B 33 32 6D 49 20 28 25 6C 75 29 20 25 73 3A 20 64 69 73 63 5F 6D 6F 64 65 3D 25 64 1B 5B 30 6D 0A 00 00 00 00 1B 5B 30 3B 33 32 6D 49 20 28 25 6C 75 29 20 25 73 3A 20 20 64 69 72 65 63 74 5F 61 64 64 72 5F 74 79 70 65 3D 25 64 20 64 69 72 65 63 74 5F 61 64 64 72 3D 1B 5B 30 6D 0A 00 00 00 1B 5B 30 3B 
[0;31mE (35261) OTA: Data in hexadecimal 22144 bytes / 173 MAXFILESIZE: 568320     [0m
33 32 6D 49 20 28 25 6C 75 29 20 25 73 3A 20 20 61 64 76 5F 63 68 61 6E 6E 65 6C 5F 6D 61 70 3D 25 64 20 6F 77 6E 5F 61 64 64 72 5F 74 79 70 65 3D 25 64 20 61 64 76 5F 66 69 6C 74 65 72 5F 70 6F 6C 69 63 79 3D 25 64 20 61 64 76 5F 69 74 76 6C 5F 6D 69 6E 3D 25 64 20 61 64 76 5F 69 74 76 6C 5F 6D 61 78 3D 25 64 1B 5B 30 6D 0A 00 00 00 1B 5B 30 3B 33 32 6D 49 20 28 25 6C 75 29 20 25 
[0;31mE (35321) OTA: Data in hexadecimal 22272 bytes / 174 MAXFILESIZE: 568320     [0m
73 3A 20 70 65 65 72 5F 61 64 64 72 5F 74 79 70 65 3D 25 64 20 70 65 65 72 5F 61 64 64 72 3D 1B 5B 30 6D 0A 00 00 00 00 1B 5B 30 3B 33 32 6D 49 20 28 25 6C 75 29 20 25 73 3A 20 20 73 63 61 6E 5F 69 74 76 6C 3D 25 64 20 73 63 61 6E 5F 77 69 6E 64 6F 77 3D 25 64 20 69 74 76 6C 5F 6D 69 6E 3D 25 64 20 69 74 76 6C 5F 6D 61 78 3D 25 64 20 6C 61 74 65 6E 63 79 3D 25 64 20 73 75 70 65 72 
[0;31mE (35381) OTA: Data in hexadecimal 22400 bytes / 175 MAXFILESIZE: 568320     [0m
76 69 73 69 6F 6E 5F 74 69 6D 65 6F 75 74 3D 25 64 20 6D 69 6E 5F 63 65 5F 6C 65 6E 3D 25 64 20 6D 61 78 5F 63 65 5F 6C 65 6E 3D 25 64 20 6F 77 6E 5F 61 64 64 72 5F 74 79 70 65 3D 25 64 1B 5B 30 6D 0A 00 1B 5B 30 3B 33 32 6D 49 20 28 25 6C 75 29 20 25 73 3A 20 63 6F 6E 6E 65 63 74 69 6F 6E 20 70 61 72 61 6D 65 74 65 72 20 75 70 64 61 74 65 3B 20 63 6F 6E 6E 5F 68 61 6E 64 6C 65 3D 
[0;31mE (35441) OTA: Data in hexadecimal 22528 bytes / 176 MAXFILESIZE: 568320     [0m
25 64 20 69 74 76 6C 5F 6D 69 6E 3D 25 64 20 69 74 76 6C 5F 6D 61 78 3D 25 64 20 6C 61 74 65 6E 63 79 3D 25 64 20 73 75 70 65 72 76 69 73 69 6F 6E 5F 74 69 6D 65 6F 75 74 3D 25 64 20 6D 69 6E 5F 63 65 5F 6C 65 6E 3D 25 64 20 6D 61 78 5F 63 65 5F 6C 65 6E 3D 25 64 1B 5B 30 6D 0A 00 00 00 1B 5B 30 3B 33 32 6D 49 20 28 25 6C 75 29 20 25 73 3A 20 47 41 50 20 70 72 6F 63 65 64 75 72 65 
[0;31mE (35501) OTA: Data in hexadecimal 22656 bytes / 177 MAXFILESIZE: 568320     [0m
20 69 6E 69 74 69 61 74 65 64 3A 20 73 65 74 20 77 68 69 74 65 6C 69 73 74 3B 20 1B 5B 30 6D 0A 00 00 00 00 1B 5B 30 3B 33 32 6D 49 20 28 25 6C 75 29 20 25 73 3A 20 0A 1B 5B 30 6D 0A 00 00 00 1B 5B 30 3B 33 32 6D 49 20 28 25 6C 75 29 20 25 73 3A 20 47 41 50 20 70 72 6F 63 65 64 75 72 65 20 69 6E 69 74 69 61 74 65 64 3A 20 61 64 76 65 72 74 69 73 65 3B 20 1B 5B 30 6D 0A 00 00 00 00 
[0;31mE (35561) OTA: Data in hexadecimal 22784 bytes / 178 MAXFILESIZE: 568320     [0m
1B 5B 30 3B 33 32 6D 49 20 28 25 6C 75 29 20 25 73 3A 20 63 6F 6E 74 72 6F 6C 6C 65 72 20 72 65 70 6F 72 74 65 64 20 69 6E 76 61 6C 69 64 20 65 72 72 6F 72 20 63 6F 64 65 20 69 6E 20 63 6F 6E 6E 63 6F 6D 70 6C 65 74 65 20 65 76 65 6E 74 3A 20 25 75 1B 5B 30 6D 0A 00 00 00 00 2F 2F 49 44 46 2F 63 6F 6D 70 6F 6E 65 6E 74 73 2F 62 74 2F 68 6F 73 74 2F 6E 69 6D 62 6C 65 2F 6E 69 6D 62 
[0;31mE (35621) OTA: Data in hexadecimal 22912 bytes / 179 MAXFILESIZE: 568320     [0m
6C 65 2F 6E 69 6D 62 6C 65 2F 68 6F 73 74 2F 73 72 63 2F 62 6C 65 5F 67 61 70 2E 63 00 00 00 00 1B 5B 30 3B 33 32 6D 49 20 28 25 6C 75 29 20 25 73 3A 20 47 41 50 20 70 72 6F 63 65 64 75 72 65 20 69 6E 69 74 69 61 74 65 64 3A 20 73 74 6F 70 20 61 64 76 65 72 74 69 73 69 6E 67 2E 0A 1B 5B 30 6D 0A 00 1B 5B 30 3B 33 32 6D 49 20 28 25 6C 75 29 20 25 73 3A 20 47 41 50 20 70 72 6F 63 65 
[0;31mE (35681) OTA: Data in hexadecimal 23040 bytes / 180 MAXFILESIZE: 568320     [0m
64 75 72 65 20 69 6E 69 74 69 61 74 65 64 3A 20 63 6F 6E 6E 65 63 74 3B 20 1B 5B 30 6D 0A 00 00 1B 5B 30 3B 33 32 6D 49 20 28 25 6C 75 29 20 25 73 3A 20 47 41 50 20 70 72 6F 63 65 64 75 72 65 20 69 6E 69 74 69 61 74 65 64 3A 20 63 61 6E 63 65 6C 20 63 6F 6E 6E 65 63 74 69 6F 6E 0A 1B 5B 30 6D 0A 00 1B 5B 30 3B 33 32 6D 49 20 28 25 6C 75 29 20 25 73 3A 20 47 41 50 20 70 72 6F 63 65 
[0;32mI (35721) ESP32 dev: Main loop running, feeding the watchdog...[0m
[0;31mE (35741) OTA: Data in hexadecimal 23168 bytes / 181 MAXFILESIZE: 568320     [0m
64 75 72 65 20 69 6E 69 74 69 61 74 65 64 3A 20 74 65 72 6D 69 6E 61 74 65 20 63 6F 6E 6E 65 63 74 69 6F 6E 3B 20 63 6F 6E 6E 5F 68 61 6E 64 6C 65 3D 25 64 20 68 63 69 5F 72 65 61 73 6F 6E 3D 25 64 0A 1B 5B 30 6D 0A 00 00 00 00 1B 5B 30 3B 33 32 6D 49 20 28 25 6C 75 29 20 25 73 3A 20 47 41 50 20 70 72 6F 63 65 64 75 72 65 20 69 6E 69 74 69 61 74 65 64 3A 20 1B 5B 30 6D 0A 00 00 00 
[0;31mE (35801) OTA: Data in hexadecimal 23296 bytes / 182 MAXFILESIZE: 568320     [0m
1B 5B 30 3B 33 31 6D 45 20 28 25 6C 75 29 20 25 73 3A 20 6D 75 74 65 78 20 69 6E 69 74 20 66 61 69 6C 65 64 20 77 69 74 68 20 72 65 61 73 6F 6E 20 25 64 20 0A 1B 5B 30 6D 0A 00 00 62 6C 65 5F 67 61 70 5F 75 70 64 61 74 65 00 00 1B 5B 30 3B 33 31 6D 45 20 28 25 6C 75 29 20 25 73 3A 20 46 61 69 6C 65 64 20 74 6F 20 67 65 6E 65 72 61 74 65 20 6C 6F 63 61 6C 20 49 52 4B 1B 5B 30 6D 0A 
[0;31mE (35861) OTA: Data in hexadecimal 23424 bytes / 183 MAXFILESIZE: 568320     [0m
00 00 00 00 2F 2F 49 44 46 2F 63 6F 6D 70 6F 6E 65 6E 74 73 2F 62 74 2F 68 6F 73 74 2F 6E 69 6D 62 6C 65 2F 6E 69 6D 62 6C 65 2F 6E 69 6D 62 6C 65 2F 68 6F 73 74 2F 73 72 63 2F 62 6C 65 5F 6C 32 63 61 70 2E 63 00 00 1B 5B 30 3B 33 31 6D 45 20 28 25 6C 75 29 20 25 73 3A 20 41 6C 6C 20 63 68 61 6E 6E 65 6C 73 20 73 68 6F 75 6C 64 20 68 61 76 65 20 73 61 6D 65 20 63 6F 6E 6E 20 68 61 
[0;31mE (35921) OTA: Data in hexadecimal 23552 bytes / 184 MAXFILESIZE: 568320     [0m
6E 64 6C 65 0A 1B 5B 30 6D 0A 00 00 1B 5B 30 3B 33 31 6D 45 20 28 25 6C 75 29 20 25 73 3A 20 65 72 72 6F 72 3A 20 73 64 75 5F 6C 65 6E 20 3E 20 63 68 61 6E 2D 3E 6D 79 5F 63 6F 63 5F 6D 70 73 20 28 25 64 3E 25 64 29 0A 1B 5B 30 6D 0A 00 00 62 6C 65 5F 6C 32 63 61 70 5F 63 68 61 6E 5F 70 6F 6F 6C 00 1B 5B 30 3B 33 31 6D 45 20 28 25 6C 75 29 20 25 73 3A 20 66 61 69 6C 65 64 20 74 6F 
[0;31mE (35981) OTA: Data in hexadecimal 23680 bytes / 185 MAXFILESIZE: 568320     [0m
20 63 6F 6E 66 69 67 75 72 65 20 72 65 73 74 6F 72 65 64 20 49 52 4B 0A 1B 5B 30 6D 0A 00 00 00 62 6C 65 5F 67 61 74 74 73 5F 63 6C 74 5F 63 66 67 5F 70 6F 6F 6C 00 00 1B 5B 30 3B 33 32 6D 49 20 28 25 6C 75 29 20 25 73 3A 20 48 43 49 20 77 61 69 74 20 66 6F 72 20 61 63 6B 20 72 65 74 75 72 6E 65 64 20 25 64 20 0A 1B 5B 30 6D 0A 00 00 1B 5B 30 3B 33 32 6D 49 20 28 25 6C 75 29 20 25 
[0;31mE (36041) OTA: Data in hexadecimal 23808 bytes / 186 MAXFILESIZE: 568320     [0m
73 3A 20 48 43 49 20 70 72 6F 63 65 73 73 20 61 63 6B 20 72 65 74 75 72 6E 65 64 20 25 64 20 0A 1B 5B 30 6D 0A 00 00 00 1B 5B 30 3B 33 32 6D 49 20 28 25 6C 75 29 20 25 73 3A 20 52 65 63 65 69 76 65 64 20 73 74 61 74 75 73 20 25 64 20 0A 1B 5B 30 6D 0A 00 00 00 00 62 6C 65 5F 68 73 5F 68 63 69 5F 66 72 61 67 00 1B 5B 30 3B 33 33 6D 57 20 28 25 6C 75 29 20 25 73 3A 20 61 64 76 65 72 
[0;31mE (36101) OTA: Data in hexadecimal 23936 bytes / 187 MAXFILESIZE: 568320     [0m
74 69 73 65 72 20 74 78 70 77 72 20 6F 75 74 20 6F 66 20 72 61 6E 67 65 0A 1B 5B 30 6D 0A 00 00 42 4C 45 5F 49 4E 49 54 00 00 00 00 1B 5B 30 3B 33 31 6D 45 20 28 25 6C 75 29 20 25 73 3A 20 68 63 69 20 69 6E 69 74 73 20 66 61 69 6C 65 64 0A 1B 5B 30 6D 0A 00 00 00 1B 5B 30 3B 33 31 6D 45 20 28 25 6C 75 29 20 25 73 3A 20 63 6F 6E 74 72 6F 6C 6C 65 72 20 69 6E 69 74 20 66 61 69 6C 65 
[0;31mE (36161) OTA: Data in hexadecimal 24064 bytes / 188 MAXFILESIZE: 568320     [0m
64 0A 1B 5B 30 6D 0A 00 1B 5B 30 3B 33 31 6D 45 20 28 25 6C 75 29 20 25 73 3A 20 63 6F 6E 74 72 6F 6C 6C 65 72 20 65 6E 61 62 6C 65 20 66 61 69 6C 65 64 0A 1B 5B 30 6D 0A 00 00 00 1B 5B 30 3B 33 31 6D 45 20 28 25 6C 75 29 20 25 73 3A 20 6E 69 6D 62 6C 65 20 68 6F 73 74 20 69 6E 69 74 20 66 61 69 6C 65 64 0A 1B 5B 30 6D 0A 00 00 00 00 6E 69 6D 62 6C 65 5F 68 6F 73 74 00 6E 65 77 5F 
[0;31mE (36221) OTA: Data in hexadecimal 24192 bytes / 189 MAXFILESIZE: 568320     [0m
62 75 66 2D 3E 6F 6D 5F 6C 65 6E 20 3D 3D 20 30 00 00 00 00 2F 2F 49 44 46 2F 63 6F 6D 70 6F 6E 65 6E 74 73 2F 62 74 2F 68 6F 73 74 2F 6E 69 6D 62 6C 65 2F 6E 69 6D 62 6C 65 2F 70 6F 72 74 69 6E 67 2F 6E 69 6D 62 6C 65 2F 73 72 63 2F 6F 73 5F 6D 62 75 66 2E 63 00 2F 2F 49 44 46 2F 63 6F 6D 70 6F 6E 65 6E 74 73 2F 62 74 2F 68 6F 73 74 2F 6E 69 6D 62 6C 65 2F 6E 69 6D 62 6C 65 2F 70 
[0;31mE (36281) OTA: Data in hexadecimal 24320 bytes / 190 MAXFILESIZE: 568320     [0m
6F 72 74 69 6E 67 2F 6E 69 6D 62 6C 65 2F 73 72 63 2F 6F 73 5F 6D 73 79 73 5F 69 6E 69 74 2E 63 00 00 00 00 6D 73 79 73 5F 31 00 00 6D 73 79 73 5F 32 00 00 61 73 73 65 72 74 69 6F 6E 3A 25 73 0A 00 00 00 6C 69 6E 65 3A 25 64 2C 66 75 6E 63 74 69 6F 6E 3A 25 73 0A 00 00 00 00 2F 2F 49 44 46 2F 63 6F 6D 70 6F 6E 65 6E 74 73 2F 62 74 2F 68 6F 73 74 2F 6E 69 6D 62 6C 65 2F 6E 69 6D 62 
[0;31mE (36341) OTA: Data in hexadecimal 24448 bytes / 191 MAXFILESIZE: 568320     [0m
6C 65 2F 70 6F 72 74 69 6E 67 2F 6E 70 6C 2F 66 72 65 65 72 74 6F 73 2F 73 72 63 2F 6E 70 6C 5F 6F 73 5F 66 72 65 65 72 74 6F 73 2E 63 00 00 00 63 61 6C 6C 6F 75 74 00 63 61 6C 6C 6F 75 74 2D 3E 68 61 6E 64 6C 65 00 65 76 2D 3E 65 76 65 6E 74 00 00 00 65 76 65 6E 74 71 00 00 65 76 65 6E 74 71 2D 3E 71 00 00 00 6D 75 74 65 78 2D 3E 68 61 6E 64 6C 65 00 00 00 73 65 6D 61 70 68 6F 72 
[0;31mE (36401) OTA: Data in hexadecimal 24576 bytes / 192 MAXFILESIZE: 568320     [0m
2D 3E 68 61 6E 64 6C 65 00 00 00 00 74 6D 6F 20 3D 3D 20 30 00 00 00 00 72 65 74 20 3D 3D 20 70 64 50 41 53 53 20 7C 7C 20 72 65 74 20 3D 3D 20 65 72 72 51 55 45 55 45 5F 45 4D 50 54 59 00 00 72 65 74 20 3D 3D 20 70 64 50 41 53 53 00 00 00 74 69 6D 65 6F 75 74 20 3D 3D 20 30 00 00 00 00 6E 69 6D 62 6C 65 5F 74 69 6D 65 72 00 00 00 00 54 69 6D 65 72 00 00 00 1B 5B 30 3B 33 33 6D 57 
[0;31mE (36461) OTA: Data in hexadecimal 24704 bytes / 193 MAXFILESIZE: 568320     [0m
20 28 25 6C 75 29 20 25 73 3A 20 54 69 6D 65 72 20 6E 6F 74 20 64 65 6C 65 74 65 64 1B 5B 30 6D 0A 00 00 00 6E 70 6C 20 66 75 6E 63 73 20 69 6E 69 74 20 66 61 69 6C 65 64 00 00 00 62 6C 65 5F 66 72 65 65 72 74 6F 73 5F 65 76 5F 70 6F 6F 6C 00 00 00 00 62 6C 65 5F 66 72 65 65 72 74 6F 73 5F 65 76 71 5F 70 6F 6F 6C 00 00 00 62 6C 65 5F 66 72 65 65 72 74 6F 73 5F 63 6F 5F 70 6F 6F 6C 
[0;31mE (36521) OTA: Data in hexadecimal 24832 bytes / 194 MAXFILESIZE: 568320     [0m
